###############################################################################
#
# IAR ELF Linker V8.30.1.114/W32 for ARM                  16/Oct/2020  21:01:22
# Copyright 2007-2018 IAR Systems AB.
#
#    Output file  =  
#        C:\Users\annsi\workspace\motz\117_x\117_bkte\EWARM\bkte_2_0_iar1\Exe\bkte_2_0_iar1.out
#    Map file     =  
#        C:\Users\annsi\workspace\motz\117_x\117_bkte\EWARM\bkte_2_0_iar1\List\bkte_2_0_iar1.map
#    Command line =  
#        -f C:\Users\annsi\AppData\Local\Temp\EW7CF3.tmp
#        (C:\Users\annsi\workspace\motz\117_x\117_bkte\EWARM\bkte_2_0_iar1\Obj\adc.o
#        C:\Users\annsi\workspace\motz\117_x\117_bkte\EWARM\bkte_2_0_iar1\Obj\bsp_driver_sd.o
#        C:\Users\annsi\workspace\motz\117_x\117_bkte\EWARM\bkte_2_0_iar1\Obj\circularBuffer.o
#        C:\Users\annsi\workspace\motz\117_x\117_bkte\EWARM\bkte_2_0_iar1\Obj\cmsis_os.o
#        C:\Users\annsi\workspace\motz\117_x\117_bkte\EWARM\bkte_2_0_iar1\Obj\crc.o
#        C:\Users\annsi\workspace\motz\117_x\117_bkte\EWARM\bkte_2_0_iar1\Obj\croutine.o
#        C:\Users\annsi\workspace\motz\117_x\117_bkte\EWARM\bkte_2_0_iar1\Obj\diskio.o
#        C:\Users\annsi\workspace\motz\117_x\117_bkte\EWARM\bkte_2_0_iar1\Obj\dma.o
#        C:\Users\annsi\workspace\motz\117_x\117_bkte\EWARM\bkte_2_0_iar1\Obj\ds2482.o
#        C:\Users\annsi\workspace\motz\117_x\117_bkte\EWARM\bkte_2_0_iar1\Obj\event_groups.o
#        C:\Users\annsi\workspace\motz\117_x\117_bkte\EWARM\bkte_2_0_iar1\Obj\fatfs.o
#        C:\Users\annsi\workspace\motz\117_x\117_bkte\EWARM\bkte_2_0_iar1\Obj\fatfs_platform.o
#        C:\Users\annsi\workspace\motz\117_x\117_bkte\EWARM\bkte_2_0_iar1\Obj\ff.o
#        C:\Users\annsi\workspace\motz\117_x\117_bkte\EWARM\bkte_2_0_iar1\Obj\ff_gen_drv.o
#        C:\Users\annsi\workspace\motz\117_x\117_bkte\EWARM\bkte_2_0_iar1\Obj\freertos.o
#        C:\Users\annsi\workspace\motz\117_x\117_bkte\EWARM\bkte_2_0_iar1\Obj\gpio.o
#        C:\Users\annsi\workspace\motz\117_x\117_bkte\EWARM\bkte_2_0_iar1\Obj\heap_4.o
#        C:\Users\annsi\workspace\motz\117_x\117_bkte\EWARM\bkte_2_0_iar1\Obj\i2c.o
#        C:\Users\annsi\workspace\motz\117_x\117_bkte\EWARM\bkte_2_0_iar1\Obj\iwdg.o
#        C:\Users\annsi\workspace\motz\117_x\117_bkte\EWARM\bkte_2_0_iar1\Obj\list.o
#        C:\Users\annsi\workspace\motz\117_x\117_bkte\EWARM\bkte_2_0_iar1\Obj\main.o
#        C:\Users\annsi\workspace\motz\117_x\117_bkte\EWARM\bkte_2_0_iar1\Obj\port.o
#        C:\Users\annsi\workspace\motz\117_x\117_bkte\EWARM\bkte_2_0_iar1\Obj\portasm.o
#        C:\Users\annsi\workspace\motz\117_x\117_bkte\EWARM\bkte_2_0_iar1\Obj\queue.o
#        C:\Users\annsi\workspace\motz\117_x\117_bkte\EWARM\bkte_2_0_iar1\Obj\rtc.o
#        C:\Users\annsi\workspace\motz\117_x\117_bkte\EWARM\bkte_2_0_iar1\Obj\sd_diskio.o
#        C:\Users\annsi\workspace\motz\117_x\117_bkte\EWARM\bkte_2_0_iar1\Obj\sdio.o
#        C:\Users\annsi\workspace\motz\117_x\117_bkte\EWARM\bkte_2_0_iar1\Obj\simcom.o
#        C:\Users\annsi\workspace\motz\117_x\117_bkte\EWARM\bkte_2_0_iar1\Obj\spi.o
#        C:\Users\annsi\workspace\motz\117_x\117_bkte\EWARM\bkte_2_0_iar1\Obj\spiflash.o
#        C:\Users\annsi\workspace\motz\117_x\117_bkte\EWARM\bkte_2_0_iar1\Obj\startup_stm32f407xx.o
#        C:\Users\annsi\workspace\motz\117_x\117_bkte\EWARM\bkte_2_0_iar1\Obj\stm32f4xx_hal.o
#        C:\Users\annsi\workspace\motz\117_x\117_bkte\EWARM\bkte_2_0_iar1\Obj\stm32f4xx_hal_adc.o
#        C:\Users\annsi\workspace\motz\117_x\117_bkte\EWARM\bkte_2_0_iar1\Obj\stm32f4xx_hal_adc_ex.o
#        C:\Users\annsi\workspace\motz\117_x\117_bkte\EWARM\bkte_2_0_iar1\Obj\stm32f4xx_hal_cortex.o
#        C:\Users\annsi\workspace\motz\117_x\117_bkte\EWARM\bkte_2_0_iar1\Obj\stm32f4xx_hal_crc.o
#        C:\Users\annsi\workspace\motz\117_x\117_bkte\EWARM\bkte_2_0_iar1\Obj\stm32f4xx_hal_dma.o
#        C:\Users\annsi\workspace\motz\117_x\117_bkte\EWARM\bkte_2_0_iar1\Obj\stm32f4xx_hal_dma_ex.o
#        C:\Users\annsi\workspace\motz\117_x\117_bkte\EWARM\bkte_2_0_iar1\Obj\stm32f4xx_hal_exti.o
#        C:\Users\annsi\workspace\motz\117_x\117_bkte\EWARM\bkte_2_0_iar1\Obj\stm32f4xx_hal_flash.o
#        C:\Users\annsi\workspace\motz\117_x\117_bkte\EWARM\bkte_2_0_iar1\Obj\stm32f4xx_hal_flash_ex.o
#        C:\Users\annsi\workspace\motz\117_x\117_bkte\EWARM\bkte_2_0_iar1\Obj\stm32f4xx_hal_flash_ramfunc.o
#        C:\Users\annsi\workspace\motz\117_x\117_bkte\EWARM\bkte_2_0_iar1\Obj\stm32f4xx_hal_gpio.o
#        C:\Users\annsi\workspace\motz\117_x\117_bkte\EWARM\bkte_2_0_iar1\Obj\stm32f4xx_hal_i2c.o
#        C:\Users\annsi\workspace\motz\117_x\117_bkte\EWARM\bkte_2_0_iar1\Obj\stm32f4xx_hal_i2c_ex.o
#        C:\Users\annsi\workspace\motz\117_x\117_bkte\EWARM\bkte_2_0_iar1\Obj\stm32f4xx_hal_iwdg.o
#        C:\Users\annsi\workspace\motz\117_x\117_bkte\EWARM\bkte_2_0_iar1\Obj\stm32f4xx_hal_msp.o
#        C:\Users\annsi\workspace\motz\117_x\117_bkte\EWARM\bkte_2_0_iar1\Obj\stm32f4xx_hal_pwr.o
#        C:\Users\annsi\workspace\motz\117_x\117_bkte\EWARM\bkte_2_0_iar1\Obj\stm32f4xx_hal_pwr_ex.o
#        C:\Users\annsi\workspace\motz\117_x\117_bkte\EWARM\bkte_2_0_iar1\Obj\stm32f4xx_hal_rcc.o
#        C:\Users\annsi\workspace\motz\117_x\117_bkte\EWARM\bkte_2_0_iar1\Obj\stm32f4xx_hal_rcc_ex.o
#        C:\Users\annsi\workspace\motz\117_x\117_bkte\EWARM\bkte_2_0_iar1\Obj\stm32f4xx_hal_rtc.o
#        C:\Users\annsi\workspace\motz\117_x\117_bkte\EWARM\bkte_2_0_iar1\Obj\stm32f4xx_hal_rtc_ex.o
#        C:\Users\annsi\workspace\motz\117_x\117_bkte\EWARM\bkte_2_0_iar1\Obj\stm32f4xx_hal_sd.o
#        C:\Users\annsi\workspace\motz\117_x\117_bkte\EWARM\bkte_2_0_iar1\Obj\stm32f4xx_hal_spi.o
#        C:\Users\annsi\workspace\motz\117_x\117_bkte\EWARM\bkte_2_0_iar1\Obj\stm32f4xx_hal_tim.o
#        C:\Users\annsi\workspace\motz\117_x\117_bkte\EWARM\bkte_2_0_iar1\Obj\stm32f4xx_hal_tim_ex.o
#        C:\Users\annsi\workspace\motz\117_x\117_bkte\EWARM\bkte_2_0_iar1\Obj\stm32f4xx_hal_timebase_tim.o
#        C:\Users\annsi\workspace\motz\117_x\117_bkte\EWARM\bkte_2_0_iar1\Obj\stm32f4xx_hal_uart.o
#        C:\Users\annsi\workspace\motz\117_x\117_bkte\EWARM\bkte_2_0_iar1\Obj\stm32f4xx_it.o
#        C:\Users\annsi\workspace\motz\117_x\117_bkte\EWARM\bkte_2_0_iar1\Obj\stm32f4xx_ll_sdmmc.o
#        C:\Users\annsi\workspace\motz\117_x\117_bkte\EWARM\bkte_2_0_iar1\Obj\stream_buffer.o
#        C:\Users\annsi\workspace\motz\117_x\117_bkte\EWARM\bkte_2_0_iar1\Obj\sx1272.o
#        C:\Users\annsi\workspace\motz\117_x\117_bkte\EWARM\bkte_2_0_iar1\Obj\syscall.o
#        C:\Users\annsi\workspace\motz\117_x\117_bkte\EWARM\bkte_2_0_iar1\Obj\system_stm32f4xx.o
#        C:\Users\annsi\workspace\motz\117_x\117_bkte\EWARM\bkte_2_0_iar1\Obj\task_get_energy.o
#        C:\Users\annsi\workspace\motz\117_x\117_bkte\EWARM\bkte_2_0_iar1\Obj\task_get_new_bin.o
#        C:\Users\annsi\workspace\motz\117_x\117_bkte\EWARM\bkte_2_0_iar1\Obj\task_get_temp.o
#        C:\Users\annsi\workspace\motz\117_x\117_bkte\EWARM\bkte_2_0_iar1\Obj\task_iwdg.o
#        C:\Users\annsi\workspace\motz\117_x\117_bkte\EWARM\bkte_2_0_iar1\Obj\task_keep_alive.o
#        C:\Users\annsi\workspace\motz\117_x\117_bkte\EWARM\bkte_2_0_iar1\Obj\task_lora.o
#        C:\Users\annsi\workspace\motz\117_x\117_bkte\EWARM\bkte_2_0_iar1\Obj\task_web_excahnge.o
#        C:\Users\annsi\workspace\motz\117_x\117_bkte\EWARM\bkte_2_0_iar1\Obj\tasks.o
#        C:\Users\annsi\workspace\motz\117_x\117_bkte\EWARM\bkte_2_0_iar1\Obj\tim.o
#        C:\Users\annsi\workspace\motz\117_x\117_bkte\EWARM\bkte_2_0_iar1\Obj\timers.o
#        C:\Users\annsi\workspace\motz\117_x\117_bkte\EWARM\bkte_2_0_iar1\Obj\usart.o
#        C:\Users\annsi\workspace\motz\117_x\117_bkte\EWARM\bkte_2_0_iar1\Obj\utils_bkte.o
#        C:\Users\annsi\workspace\motz\117_x\117_bkte\EWARM\bkte_2_0_iar1\Obj\utils_crc.o
#        C:\Users\annsi\workspace\motz\117_x\117_bkte\EWARM\bkte_2_0_iar1\Obj\utils_flash.o
#        C:\Users\annsi\workspace\motz\117_x\117_bkte\EWARM\bkte_2_0_iar1\Obj\utils_json.o
#        C:\Users\annsi\workspace\motz\117_x\117_bkte\EWARM\bkte_2_0_iar1\Obj\utils_sd.o
#        --redirect _Printf=_PrintfFull --redirect _Scanf=_ScanfFull
#        --no_out_extension -o
#        C:\Users\annsi\workspace\motz\117_x\117_bkte\EWARM\bkte_2_0_iar1\Exe\bkte_2_0_iar1.out
#        --map
#        C:\Users\annsi\workspace\motz\117_x\117_bkte\EWARM\bkte_2_0_iar1\List\bkte_2_0_iar1.map
#        --config
#        C:\Users\annsi\workspace\motz\117_x\117_bkte\EWARM/stm32f407xx_flash.icf
#        --semihosting --entry __iar_program_start --redirect
#        __iar_sh_stdout=__iar_sh_stdout_swo --vfe --text_out locale)
#
###############################################################################

*******************************************************************************
*** RUNTIME MODEL ATTRIBUTES
***

CppFlavor       = *
__Heap_Handler  = Basic
__SystemLibrary = DLib
__dlib_version  = 6


*******************************************************************************
*** HEAP SELECTION
***

The basic heap was selected because no calls to memory allocation
functions were found in the application outside of system library
functions, and there are calls to deallocation functions in the
application.


*******************************************************************************
*** PLACEMENT SUMMARY
***

"A0":  place at 0x801'0000 { ro section .intvec };
"P1":  place in [from 0x801'0000 to 0x80f'ffff] { ro };
define block CSTACK with size = 1K, alignment = 8 { };
define block HEAP with size = 512, alignment = 8 { };
"P2":  place in [from 0x2000'0000 to 0x2001'ffff] {
          rw, block CSTACK, block HEAP };
initialize by copy { rw };

  Section            Kind         Address     Size  Object
  -------            ----         -------     ----  ------
"A0":                                        0x188
  .intvec            ro code   0x801'0000    0x188  startup_stm32f407xx.o [1]
                             - 0x801'0188    0x188

"P1":                                      0x12b21
  .text              ro code   0x801'0188   0x1998  ff.o [1]
  .text              ro code   0x801'1b20     0x62  syscall.o [1]
  .text              ro code   0x801'1b82     0x7a  lz77_init_single.o [4]
  .text              ro code   0x801'1bfc     0xf0  diskio.o [1]
  .text              ro code   0x801'1cec     0x40  fatfs.o [1]
  .text              ro code   0x801'1d2c    0x378  cmsis_os.o [1]
  .text              ro code   0x801'20a4     0x60  ff_gen_drv.o [1]
  .text              ro code   0x801'2104    0xdb0  tasks.o [1]
  .text              ro code   0x801'2eb4    0xb4c  queue.o [1]
  .text              ro code   0x801'3a00    0x274  heap_4.o [1]
  .text              ro code   0x801'3c74     0x9a  list.o [1]
  .text              ro code   0x801'3d0e     0x3a  zero_init3.o [4]
  .text              ro code   0x801'3d48    0x25c  port.o [1]
  .text              ro code   0x801'3fa4    0x180  freertos.o [1]
  .text              ro code   0x801'4124     0xa6  ABImemcpy.o [4]
  .text              ro code   0x801'41ca     0x1e  xencoding_8859_1.o [2]
  CODE               ro code   0x801'41e8     0xb0  portasm.o [1]
  .text              ro code   0x801'4298   0x1448  stm32f4xx_hal_i2c.o [1]
  .text              ro code   0x801'56e0    0x104  i2c.o [1]
  .text              ro code   0x801'57e4    0x25c  stm32f4xx_hal_rcc.o [1]
  .text              ro code   0x801'5a40      0x2  stm32f4xx_hal_i2c.o [1]
  .text              ro code   0x801'5a42      0x2  stm32f4xx_hal_i2c.o [1]
  .text              ro code   0x801'5a44      0x2  stm32f4xx_hal_i2c.o [1]
  .text              ro code   0x801'5a46      0x2  stm32f4xx_hal_i2c.o [1]
  .text              ro code   0x801'5a48      0x2  stm32f4xx_hal_i2c.o [1]
  .text              ro code   0x801'5a4a      0x2  stm32f4xx_hal_i2c.o [1]
  .text              ro code   0x801'5a4c    0x4b0  stm32f4xx_hal_dma.o [1]
  .text              ro code   0x801'5efc      0x2  stm32f4xx_hal_i2c.o [1]
  .text              ro code   0x801'5efe      0x2  stm32f4xx_hal_i2c.o [1]
  .text              ro code   0x801'5f00    0x29a  main.o [1]
  .text              ro code   0x801'619a      0xa  xsprout.o [2]
  .text              ro code   0x801'61a4      0x6  ABImemclr4.o [4]
  .rodata            const     0x801'61aa      0x2  ds2482.o [1]
  .text              ro code   0x801'61ac    0x2c4  stm32f4xx_hal_gpio.o [1]
  .text              ro code   0x801'6470    0x138  stm32f4xx_hal_cortex.o [1]
  .text              ro code   0x801'65a8      0xc  stm32f4xx_hal.o [1]
  .text              ro code   0x801'65b4     0x98  stm32f4xx_hal_timebase_tim.o [1]
  .text              ro code   0x801'664c    0x230  I64DivMod.o [4]
  .text              ro code   0x801'687c     0x34  stm32f4xx_hal.o [1]
  .text              ro code   0x801'68b0    0x258  gpio.o [1]
  .text              ro code   0x801'6b08     0xa8  dma.o [1]
  .text              ro code   0x801'6bb0     0xe4  adc.o [1]
  .text              ro code   0x801'6c94    0x1c8  sdio.o [1]
  .text              ro code   0x801'6e5c    0x298  spi.o [1]
  .text              ro code   0x801'70f4     0x48  crc.o [1]
  .text              ro code   0x801'713c    0x5d8  usart.o [1]
  .text              ro code   0x801'7714     0x4c  rtc.o [1]
  .text              ro code   0x801'7760     0x28  iwdg.o [1]
  .text              ro code   0x801'7788     0x84  tim.o [1]
  .text              ro code   0x801'780c    0x41c  circularBuffer.o [1]
  .text              ro code   0x801'7c28    0x148  ds2482.o [1]
  .text              ro code   0x801'7d70    0x704  utils_bkte.o [1]
  .text              ro code   0x801'8474    0x3dc  stm32f4xx_hal_rcc.o [1]
  .text              ro code   0x801'8850    0x160  stm32f4xx_hal_rcc_ex.o [1]
  .text              ro code   0x801'89b0     0x36  strlen.o [4]
  .rodata            const     0x801'89e6      0x2  spiflash.o [1]
  .text              ro code   0x801'89e8     0x40  sprintf.o [2]
  .text              ro code   0x801'8a28     0x18  stm32f4xx_hal.o [1]
  .text              ro code   0x801'8a40     0x32  ABImemset48.o [4]
  .rodata            const     0x801'8a72      0x2  sx1272.o [1]
  .text              ro code   0x801'8a74    0x2c4  stm32f4xx_hal_tim.o [1]
  .text              ro code   0x801'8d38      0x2  I64DivZer.o [4]
  .rodata            const     0x801'8d3a      0x2  sx1272.o [1]
  .text              ro code   0x801'8d3c     0x48  stm32f4xx_hal_msp.o [1]
  .text              ro code   0x801'8d84    0x534  stm32f4xx_hal_adc.o [1]
  .text              ro code   0x801'92b8    0xe14  stm32f4xx_hal_spi.o [1]
  .text              ro code   0x801'a0cc     0x24  stm32f4xx_hal_crc.o [1]
  .text              ro code   0x801'a0f0    0xbd0  stm32f4xx_hal_uart.o [1]
  .text              ro code   0x801'acc0     0x66  ABImemset.o [4]
  .rodata            const     0x801'ad26      0x2  sx1272.o [1]
  .text              ro code   0x801'ad28    0x442  stm32f4xx_hal_rtc.o [1]
  .text              ro code   0x801'b16a     0x5e  stm32f4xx_hal_iwdg.o [1]
  .text              ro code   0x801'b1c8     0xac  stm32f4xx_hal_tim_ex.o [1]
  .text              ro code   0x801'b274     0x28  stm32f4xx_hal.o [1]
  .text              ro code   0x801'b29c    0x9b4  simcom.o [1]
  .text              ro code   0x801'bc50    0x164  utils_sd.o [1]
  .text              ro code   0x801'bdb4    0x1bc  iar_Stoullx.o [2]
  .text              ro code   0x801'bf70      0xa  gmtime.o [2]
  .rodata            const     0x801'bf7a      0x2  sx1272.o [1]
  .text              ro code   0x801'bf7c     0xd0  mktime.o [2]
  .text              ro code   0x801'c04c    0x17c  iar_Stoulx.o [2]
  .text              ro code   0x801'c1c8    0x460  spiflash.o [1]
  .text              ro code   0x801'c628    0xf7a  xprintffull.o [2]
  .text              ro code   0x801'd5a2      0x2  stm32f4xx_hal_tim.o [1]
  .text              ro code   0x801'd5a4      0x2  stm32f4xx_hal_tim.o [1]
  .text              ro code   0x801'd5a6      0x2  stm32f4xx_hal_tim.o [1]
  .text              ro code   0x801'd5a8      0x2  stm32f4xx_hal_tim_ex.o [1]
  .text              ro code   0x801'd5aa      0x2  stm32f4xx_hal_tim.o [1]
  .text              ro code   0x801'd5ac      0x2  stm32f4xx_hal_tim_ex.o [1]
  .text              ro code   0x801'd5ae      0x2  stm32f4xx_hal_spi.o [1]
  .text              ro code   0x801'd5b0      0x2  stm32f4xx_hal_spi.o [1]
  .text              ro code   0x801'd5b2      0x2  stm32f4xx_hal_spi.o [1]
  .text              ro code   0x801'd5b4      0x2  stm32f4xx_hal_spi.o [1]
  .text              ro code   0x801'd5b6      0x2  stm32f4xx_hal_uart.o [1]
  .text              ro code   0x801'd5b8      0x2  stm32f4xx_hal_uart.o [1]
  .rodata            const     0x801'd5ba      0x2  sx1272.o [1]
  .text              ro code   0x801'd5bc     0x4c  strtok.o [2]
  .text              ro code   0x801'd608     0x4a  strcmp.o [4]
  .text              ro code   0x801'd652     0x1e  strcat.o [2]
  .text              ro code   0x801'd670     0x14  isspace.o [2]
  .text              ro code   0x801'd684     0x14  tolower.o [2]
  .text              ro code   0x801'd698     0x58  memchr.o [4]
  .text              ro code   0x801'd6f0    0x104  xttotm.o [2]
  .text              ro code   0x801'd7f4     0x6c  xDaysTo.o [2]
  .text              ro code   0x801'd860      0x4  xTzoff_nop.o [2]
  .text              ro code   0x801'd864     0xa4  xlocale_c.o [2]
  .text              ro code   0x801'd908     0x16  strchr.o [4]
  .rodata            const     0x801'd91e      0x2  sx1272.o [1]
  .text              ro code   0x801'd920     0x40  xfail_s.o [2]
  .text              ro code   0x801'd960      0xa  xmbcurmax.o [2]
  .rodata            const     0x801'd96a      0x2  sx1272.o [1]
  .text              ro code   0x801'd96c    0x1a2  DblMul.o [3]
  .rodata            const     0x801'db0e      0x2  sx1272.o [1]
  .text              ro code   0x801'db10     0x70  frexp.o [3]
  .text              ro code   0x801'db80     0x2e  DblCmpLe.o [3]
  .rodata            const     0x801'dbae      0x2  sx1272.o [1]
  .text              ro code   0x801'dbb0     0x2e  DblCmpGe.o [3]
  .rodata            const     0x801'dbde      0x2  sx1272.o [1]
  .text              ro code   0x801'dbe0    0x13a  ldexp.o [3]
  .rodata            const     0x801'dd1a      0x2  sx1272.o [1]
  .text              ro code   0x801'dd1c     0x3a  DblToS32.o [3]
  .rodata            const     0x801'dd56      0x2  sx1272.o [1]
  .text              ro code   0x801'dd58     0x22  S32ToDbl.o [3]
  .rodata            const     0x801'dd7a      0x2  sx1272.o [1]
  .text              ro code   0x801'dd7c     0xe2  DblSub.o [3]
  .rodata            const     0x801'de5e      0x2  sx1272.o [1]
  .text              ro code   0x801'de60    0x246  DblDiv.o [3]
  .text              ro code   0x801'e0a8     0x28  DblToU32.o [3]
  .text              ro code   0x801'e0d0     0x1a  U32ToDbl.o [3]
  .text              ro code   0x801'e0ea     0x22  strspn.o [2]
  .text              ro code   0x801'e10c     0x22  strcspn.o [2]
  .text              ro code   0x801'e12e      0x6  xisdst_nop.o [2]
  .text              ro code   0x801'e134      0x6  abort.o [2]
  .text              ro code   0x801'e13c    0x16a  DblAdd.o [3]
  .text              ro code   0x801'e2a8     0x14  exit.o [5]
  .text              ro code   0x801'e2bc    0xec8  stm32f4xx_hal_sd.o [1]
  .text              ro code   0x801'f184    0x74c  stm32f4xx_ll_sdmmc.o [1]
  .text              ro code   0x801'f8d0      0x2  stm32f4xx_hal_sd.o [1]
  .text              ro code   0x801'f8d2     0x20  bsp_driver_sd.o [1]
  .text              ro code   0x801'f8f4    0x220  sd_diskio.o [1]
  .text              ro code   0x801'fb14     0x1c  bsp_driver_sd.o [1]
  .text              ro code   0x801'fb30     0x40  bsp_driver_sd.o [1]
  .text              ro code   0x801'fb70     0x28  bsp_driver_sd.o [1]
  .text              ro code   0x801'fb98     0x28  bsp_driver_sd.o [1]
  .text              ro code   0x801'fbc0     0x14  bsp_driver_sd.o [1]
  .text              ro code   0x801'fbd4     0x1c  bsp_driver_sd.o [1]
  .text              ro code   0x801'fbf0     0x20  fatfs_platform.o [1]
  .text              ro code   0x801'fc10    0x67c  task_lora.o [1]
  .text              ro code   0x802'028c    0x5c4  sx1272.o [1]
  .text              ro code   0x802'0850     0x38  utils_crc.o [1]
  .text              ro code   0x802'0888    0x370  task_web_excahnge.o [1]
  .text              ro code   0x802'0bf8    0x194  utils_json.o [1]
  .text              ro code   0x802'0d8c    0x30c  task_keep_alive.o [1]
  .text              ro code   0x802'1098    0x214  stm32f4xx_hal_flash.o [1]
  .text              ro code   0x802'12ac    0x1f4  task_get_new_bin.o [1]
  .text              ro code   0x802'14a0    0x188  utils_flash.o [1]
  .text              ro code   0x802'1628     0x64  stm32f4xx_hal_flash_ex.o [1]
  .text              ro code   0x802'168c     0x28  printf.o [2]
  .text              ro code   0x802'16b4    0x140  heap0.o [2]
  .text              ro code   0x802'17f4     0x2c  xgetmemchunk.o [2]
  .text              ro code   0x802'1820    0x13c  stm32f4xx_it.o [1]
  .text              ro code   0x802'195c    0x13c  task_get_energy.o [1]
  .text              ro code   0x802'1a98    0x130  task_get_temp.o [1]
  .text              ro code   0x802'1bc8     0xd8  xfspos.o [2]
  .text              ro code   0x802'1ca0     0xac  fflush.o [2]
  .text              ro code   0x802'1d4c      0xc  xfgpos.o [2]
  .text              ro code   0x802'1d58     0x4a  lseek.o [5]
  .text              ro code   0x802'1da2     0x10  write.o [5]
  .text              ro code   0x802'1db4     0xcc  XShHandles.o [2]
  .text              ro code   0x802'1e80     0x1e  dwrite.o [5]
  .text              ro code   0x802'1ea0     0x50  iarwstdswo.o [5]
  .text              ro code   0x802'1ef0     0x22  iarwrite.o [5]
  .text              ro code   0x802'1f12     0xb4  xfwprep.o [2]
  .text              ro code   0x802'1fc6     0x24  fseek.o [2]
  .text              ro code   0x802'1fec     0x8c  xfofind.o [2]
  .text              ro code   0x802'2078      0x4  heaptramp0.o [2]
  .rodata            const     0x802'207c     0x80  ff.o [1]
  .text              ro code   0x802'20fc     0x7e  fclose.o [2]
  .text              ro code   0x802'217a     0x18  close.o [5]
  .text              ro code   0x802'2192     0x14  remove.o [5]
  .text              ro code   0x802'21a6     0x54  fputc.o [2]
  .rodata            const     0x802'21fc     0x44  utils_json.o [1]
  .text              ro code   0x802'2240     0x3c  xcloseall.o [2]
  .rodata            const     0x802'227c     0x30  main.o [1]
  .rodata            const     0x802'22ac     0x2c  main.o [1]
  .rodata            const     0x802'22d8     0x2c  utils_json.o [1]
  .rodata            const     0x802'2304     0x28  main.o [1]
  .text              ro code   0x802'232c     0x28  data_init.o [4]
  .rodata            const     0x802'2354     0x24  main.o [1]
  .rodata            const     0x802'2378     0x24  utils_json.o [1]
  .rodata            const     0x802'239c     0x24  utils_json.o [1]
  .text              ro code   0x802'23c0     0x22  fpinit_M.o [3]
  .iar.init_table    const     0x802'23e4     0x20  - Linker created -
  .text              ro code   0x802'2404     0x20  system_stm32f4xx.o [1]
  .text              ro code   0x802'2424     0x1e  cmain.o [4]
  .text              ro code   0x802'2442      0x4  low_level_init.o [2]
  .text              ro code   0x802'2446      0x4  exit.o [2]
  .text              ro code   0x802'244c      0xe  cexit.o [4]
  .rodata            const     0x802'245c     0x1c  freertos.o [1]
  .rodata            const     0x802'2478     0x1c  freertos.o [1]
  .rodata            const     0x802'2494     0x1c  freertos.o [1]
  .rodata            const     0x802'24b0     0x1c  freertos.o [1]
  .rodata            const     0x802'24cc     0x1c  freertos.o [1]
  .rodata            const     0x802'24e8     0x1c  freertos.o [1]
  .rodata            const     0x802'2504     0x1c  freertos.o [1]
  .rodata            const     0x802'2520     0x1c  utils_flash.o [1]
  .rodata            const     0x802'253c     0x1c  utils_flash.o [1]
  .rodata            const     0x802'2558     0x18  simcom.o [1]
  .rodata            const     0x802'2570     0x18  simcom.o [1]
  .rodata            const     0x802'2588     0x18  task_get_energy.o [1]
  .rodata            const     0x802'25a0     0x18  task_get_temp.o [1]
  .rodata            const     0x802'25b8     0x18  task_web_excahnge.o [1]
  .rodata            const     0x802'25d0     0x18  task_web_excahnge.o [1]
  .rodata            const     0x802'25e8     0x18  utils_bkte.o [1]
  .rodata            const     0x802'2600     0x18  utils_flash.o [1]
  .rodata            const     0x802'2618     0x18  utils_flash.o [1]
  .text              ro code   0x802'2630     0x18  task_iwdg.o [1]
  .text              ro code   0x802'2648     0x16  xprout.o [2]
  .text              ro code   0x802'2660      0xc  putchar.o [2]
  .rodata            const     0x802'266c     0x14  sd_diskio.o [1]
  .rodata            const     0x802'2680     0x14  simcom.o [1]
  .rodata            const     0x802'2694     0x10  ff.o [1]
  .rodata            const     0x802'26a4     0x10  main.o [1]
  .rodata            const     0x802'26b4      0xc  freertos.o [1]
  .rodata            const     0x802'26c0     0x10  main.o [1]
  .rodata            const     0x802'26d0     0x10  sd_diskio.o [1]
  .rodata            const     0x802'26e0     0x10  system_stm32f4xx.o [1]
  .rodata            const     0x802'26f0     0x10  utils_flash.o [1]
  .text              ro code   0x802'2700     0x10  startup_stm32f407xx.o [1]
  .rodata            const     0x802'2710      0xc  freertos.o [1]
  .rodata            const     0x802'271c      0xc  freertos.o [1]
  .rodata            const     0x802'2728      0xc  freertos.o [1]
  .rodata            const     0x802'2734      0xc  freertos.o [1]
  .rodata            const     0x802'2740      0xc  simcom.o [1]
  .rodata            const     0x802'274c      0xc  simcom.o [1]
  .rodata            const     0x802'2758      0xc  simcom.o [1]
  .rodata            const     0x802'2764      0xc  simcom.o [1]
  .rodata            const     0x802'2770      0xc  simcom.o [1]
  .rodata            const     0x802'277c      0xc  simcom.o [1]
  .rodata            const     0x802'2788      0xc  simcom.o [1]
  .rodata            const     0x802'2794      0xc  simcom.o [1]
  .rodata            const     0x802'27a0      0xc  simcom.o [1]
  .rodata            const     0x802'27ac      0xc  simcom.o [1]
  .rodata            const     0x802'27b8      0xc  simcom.o [1]
  .rodata            const     0x802'27c4      0xc  simcom.o [1]
  .rodata            const     0x802'27d0      0xc  spiflash.o [1]
  .rodata            const     0x802'27dc      0xc  spiflash.o [1]
  .text              ro code   0x802'27e8      0xc  cstartup_M.o [4]
  .rodata            const     0x802'27f4      0x8  freertos.o [1]
  .rodata            const     0x802'27fc      0x8  freertos.o [1]
  .rodata            const     0x802'2804      0x8  freertos.o [1]
  .rodata            const     0x802'280c      0x8  freertos.o [1]
  .rodata            const     0x802'2814      0x8  freertos.o [1]
  .rodata            const     0x802'281c      0x8  freertos.o [1]
  .rodata            const     0x802'2824      0x8  freertos.o [1]
  .rodata            const     0x802'282c      0x8  simcom.o [1]
  .rodata            const     0x802'2834      0x8  simcom.o [1]
  .rodata            const     0x802'283c      0x8  simcom.o [1]
  .rodata            const     0x802'2844      0x8  simcom.o [1]
  .rodata            const     0x802'284c      0x8  simcom.o [1]
  .rodata            const     0x802'2854      0x8  simcom.o [1]
  .rodata            const     0x802'285c      0x8  simcom.o [1]
  .rodata            const     0x802'2864      0x8  simcom.o [1]
  .rodata            const     0x802'286c      0x8  simcom.o [1]
  .rodata            const     0x802'2874      0x8  spiflash.o [1]
  .rodata            const     0x802'287c      0x8  stm32f4xx_hal_dma.o [1]
  .rodata            const     0x802'2884      0x8  syscall.o [1]
  .rodata            const     0x802'288c      0x8  system_stm32f4xx.o [1]
  .rodata            const     0x802'2894      0x8  task_get_new_bin.o [1]
  .rodata            const     0x802'289c      0x8  task_keep_alive.o [1]
  .rodata            const     0x802'28a4      0x8  task_web_excahnge.o [1]
  .rodata            const     0x802'28ac      0x8  tasks.o [1]
  .rodata            const     0x802'28b4      0x8  tim.o [1]
  .rodata            const     0x802'28bc      0x8  utils_bkte.o [1]
  .rodata            const     0x802'28c4      0x8  utils_sd.o [1]
  .rodata            const     0x802'28cc      0x8  utils_sd.o [1]
  .rodata            const     0x802'28d4      0x8  utils_sd.o [1]
  .rodata            const     0x802'28dc      0x6  xlocale_c.o [2]
  .rodata            const     0x802'28e4      0x4  heap_4.o [1]
  .rodata            const     0x802'28e8      0x4  port.o [1]
  .rodata            const     0x802'28ec      0x4  spiflash.o [1]
  .rodata            const     0x802'28f0      0x4  spiflash.o [1]
  .rodata            const     0x802'28f4      0x4  spiflash.o [1]
  .text              ro code   0x802'28f8      0x4  startup_stm32f407xx.o [1]
  .text              ro code   0x802'28fc      0x4  startup_stm32f407xx.o [1]
  .text              ro code   0x802'2900      0x4  startup_stm32f407xx.o [1]
  .text              ro code   0x802'2904      0x4  startup_stm32f407xx.o [1]
  .text              ro code   0x802'2908      0x4  startup_stm32f407xx.o [1]
  .text              ro code   0x802'290c      0x4  startup_stm32f407xx.o [1]
  .text              ro code   0x802'2910      0x4  startup_stm32f407xx.o [1]
  .text              ro code   0x802'2914      0x4  startup_stm32f407xx.o [1]
  .text              ro code   0x802'2918      0x4  startup_stm32f407xx.o [1]
  .text              ro code   0x802'291c      0x4  startup_stm32f407xx.o [1]
  .text              ro code   0x802'2920      0x4  startup_stm32f407xx.o [1]
  .text              ro code   0x802'2924      0x4  startup_stm32f407xx.o [1]
  .text              ro code   0x802'2928      0x4  startup_stm32f407xx.o [1]
  .text              ro code   0x802'292c      0x4  startup_stm32f407xx.o [1]
  .text              ro code   0x802'2930      0x4  startup_stm32f407xx.o [1]
  .text              ro code   0x802'2934      0x4  startup_stm32f407xx.o [1]
  .text              ro code   0x802'2938      0x4  startup_stm32f407xx.o [1]
  .text              ro code   0x802'293c      0x4  startup_stm32f407xx.o [1]
  .text              ro code   0x802'2940      0x4  startup_stm32f407xx.o [1]
  .text              ro code   0x802'2944      0x4  startup_stm32f407xx.o [1]
  .text              ro code   0x802'2948      0x4  startup_stm32f407xx.o [1]
  .text              ro code   0x802'294c      0x4  startup_stm32f407xx.o [1]
  .text              ro code   0x802'2950      0x4  startup_stm32f407xx.o [1]
  .text              ro code   0x802'2954      0x4  startup_stm32f407xx.o [1]
  .text              ro code   0x802'2958      0x4  startup_stm32f407xx.o [1]
  .text              ro code   0x802'295c      0x4  startup_stm32f407xx.o [1]
  .text              ro code   0x802'2960      0x4  startup_stm32f407xx.o [1]
  .text              ro code   0x802'2964      0x4  startup_stm32f407xx.o [1]
  .text              ro code   0x802'2968      0x4  startup_stm32f407xx.o [1]
  .text              ro code   0x802'296c      0x4  startup_stm32f407xx.o [1]
  .text              ro code   0x802'2970      0x4  startup_stm32f407xx.o [1]
  .text              ro code   0x802'2974      0x4  startup_stm32f407xx.o [1]
  .text              ro code   0x802'2978      0x4  startup_stm32f407xx.o [1]
  .text              ro code   0x802'297c      0x4  startup_stm32f407xx.o [1]
  .text              ro code   0x802'2980      0x4  startup_stm32f407xx.o [1]
  .text              ro code   0x802'2984      0x4  startup_stm32f407xx.o [1]
  .text              ro code   0x802'2988      0x4  startup_stm32f407xx.o [1]
  .text              ro code   0x802'298c      0x4  startup_stm32f407xx.o [1]
  .text              ro code   0x802'2990      0x4  startup_stm32f407xx.o [1]
  .text              ro code   0x802'2994      0x4  startup_stm32f407xx.o [1]
  .text              ro code   0x802'2998      0x4  startup_stm32f407xx.o [1]
  .text              ro code   0x802'299c      0x4  startup_stm32f407xx.o [1]
  .text              ro code   0x802'29a0      0x4  startup_stm32f407xx.o [1]
  .text              ro code   0x802'29a4      0x4  startup_stm32f407xx.o [1]
  .text              ro code   0x802'29a8      0x4  startup_stm32f407xx.o [1]
  .text              ro code   0x802'29ac      0x4  startup_stm32f407xx.o [1]
  .text              ro code   0x802'29b0      0x4  startup_stm32f407xx.o [1]
  .text              ro code   0x802'29b4      0x4  startup_stm32f407xx.o [1]
  .text              ro code   0x802'29b8      0x4  startup_stm32f407xx.o [1]
  .text              ro code   0x802'29bc      0x4  startup_stm32f407xx.o [1]
  .text              ro code   0x802'29c0      0x4  startup_stm32f407xx.o [1]
  .text              ro code   0x802'29c4      0x4  startup_stm32f407xx.o [1]
  .text              ro code   0x802'29c8      0x4  startup_stm32f407xx.o [1]
  .text              ro code   0x802'29cc      0x4  startup_stm32f407xx.o [1]
  .text              ro code   0x802'29d0      0x4  startup_stm32f407xx.o [1]
  .text              ro code   0x802'29d4      0x4  startup_stm32f407xx.o [1]
  .text              ro code   0x802'29d8      0x4  startup_stm32f407xx.o [1]
  .text              ro code   0x802'29dc      0x4  startup_stm32f407xx.o [1]
  .text              ro code   0x802'29e0      0x4  startup_stm32f407xx.o [1]
  .text              ro code   0x802'29e4      0x4  startup_stm32f407xx.o [1]
  .text              ro code   0x802'29e8      0x4  startup_stm32f407xx.o [1]
  .text              ro code   0x802'29ec      0x4  startup_stm32f407xx.o [1]
  .text              ro code   0x802'29f0      0x0  cstart_closeall.o [4]
  .rodata            const     0x802'29f0      0x0  zero_init3.o [4]
  .rodata            const     0x802'29f0      0x0  lz77_init_single.o [4]
  Initializer bytes  const     0x802'29f0    0x2b9  <for P2-1>
                             - 0x802'2ca9  0x12b21

"P2", part 1 of 3:                           0x3d8
  P2-1                        0x2000'0000    0x3d8  <Init block>
    .data            inited   0x2000'0000      0x4  port.o [1]
    .data            inited   0x2000'0004      0x4  stm32f4xx_hal.o [1]
    .data            inited   0x2000'0008      0x4  system_stm32f4xx.o [1]
    .data            inited   0x2000'000c     0x18  task_keep_alive.o [1]
    .data            inited   0x2000'0024     0x18  task_lora.o [1]
    .data            inited   0x2000'003c     0x10  utils_bkte.o [1]
    .data            inited   0x2000'004c      0x8  utils_bkte.o [1]
    .data            inited   0x2000'0054    0x200  utils_crc.o [1]
    .data            inited   0x2000'0254      0x4  utils_sd.o [1]
    .data            inited   0x2000'0258      0x4  utils_sd.o [1]
    .data            inited   0x2000'025c     0x38  xlocale_c.o [2]
    .data            inited   0x2000'0294     0x48  xlocale_c.o [2]
    .data            inited   0x2000'02dc     0x48  xfiles.o [2]
    .data            inited   0x2000'0324     0x48  xfiles.o [2]
    .data            inited   0x2000'036c     0x48  xfiles.o [2]
    .data            inited   0x2000'03b4     0x20  xfiles.o [2]
    .data            inited   0x2000'03d4      0x1  main.o [1]
    .data            inited   0x2000'03d5      0x1  sd_diskio.o [1]
    .data            inited   0x2000'03d6      0x1  simcom.o [1]
    .data            inited   0x2000'03d7      0x1  stm32f4xx_hal.o [1]
                            - 0x2000'03d8    0x3d8

"P2", part 2 of 3:                          0xa038
  .bss               zero     0x2000'03d8   0x2710  heap_4.o [1]
  .bss               zero     0x2000'2ae8   0x1038  fatfs.o [1]
  .bss               zero     0x2000'3b20   0x1030  utils_sd.o [1]
  .bss               zero     0x2000'4b50   0x1004  utils_json.o [1]
  .bss               zero     0x2000'5b54   0x1000  utils_sd.o [1]
  .bss               zero     0x2000'6b54   0x1000  utils_sd.o [1]
  .bss               zero     0x2000'7b54    0x5f4  usart.o [1]
  .bss               zero     0x2000'8148    0x400  usart.o [1]
  .bss               zero     0x2000'8548    0x3e8  main.o [1]
  .bss               zero     0x2000'8930    0x3e8  main.o [1]
  .bss               zero     0x2000'8d18    0x3e8  utils_flash.o [1]
  .bss               zero     0x2000'9100    0x200  freertos.o [1]
  .bss               zero     0x2000'9300    0x100  task_get_new_bin.o [1]
  .bss               zero     0x2000'9400    0x100  task_web_excahnge.o [1]
  .bss               zero     0x2000'9500     0x8c  tasks.o [1]
  .bss               zero     0x2000'958c     0x84  sdio.o [1]
  .bss               zero     0x2000'9610     0x84  task_get_energy.o [1]
  .bss               zero     0x2000'9694     0x84  usart.o [1]
  .bss               zero     0x2000'9718     0x80  XShHandles.o [2]
  .bss               zero     0x2000'9798     0x64  simcom.o [1]
  .bss               zero     0x2000'97fc     0x64  simcom.o [1]
  .bss               zero     0x2000'9860     0x64  simcom.o [1]
  .bss               zero     0x2000'98c4     0x64  utils_json.o [1]
  .bss               zero     0x2000'9928     0x60  sdio.o [1]
  .bss               zero     0x2000'9988     0x60  sdio.o [1]
  .bss               zero     0x2000'99e8     0x60  spi.o [1]
  .bss               zero     0x2000'9a48     0x60  spi.o [1]
  .bss               zero     0x2000'9aa8     0x60  usart.o [1]
  .bss               zero     0x2000'9b08     0x60  usart.o [1]
  .bss               zero     0x2000'9b68     0x60  usart.o [1]
  .bss               zero     0x2000'9bc8     0x58  spi.o [1]
  .bss               zero     0x2000'9c20     0x58  spi.o [1]
  .bss               zero     0x2000'9c78     0x54  freertos.o [1]
  .bss               zero     0x2000'9ccc     0x54  i2c.o [1]
  .bss               zero     0x2000'9d20     0x50  xfiles.o [2]
  .bss               zero     0x2000'9d70     0x50  xfiles.o [2]
  .bss               zero     0x2000'9dc0     0x48  adc.o [1]
  .bss               zero     0x2000'9e08     0x48  main.o [1]
  .bss               zero     0x2000'9e50     0x40  queue.o [1]
  .bss               zero     0x2000'9e90     0x40  stm32f4xx_hal_timebase_tim.o [1]
  .bss               zero     0x2000'9ed0     0x40  tim.o [1]
  .bss               zero     0x2000'9f10     0x40  usart.o [1]
  .bss               zero     0x2000'9f50     0x40  usart.o [1]
  .bss               zero     0x2000'9f90     0x40  usart.o [1]
  .bss               zero     0x2000'9fd0     0x40  usart.o [1]
  .bss               zero     0x2000'a010     0x38  task_lora.o [1]
  .bss               zero     0x2000'a048     0x30  spiflash.o [1]
  .bss               zero     0x2000'a078     0x2c  utils_bkte.o [1]
  .bss               zero     0x2000'a0a4     0x2c  xttotm.o [2]
  .bss               zero     0x2000'a0d0     0x20  ff.o [1]
  .bss               zero     0x2000'a0f0     0x20  main.o [1]
  .bss               zero     0x2000'a110     0x20  rtc.o [1]
  .bss               zero     0x2000'a130     0x20  stm32f4xx_hal_flash.o [1]
  .bss               zero     0x2000'a150     0x20  task_lora.o [1]
  .bss               zero     0x2000'a170     0x18  main.o [1]
  .bss               zero     0x2000'a188     0x18  main.o [1]
  .bss               zero     0x2000'a1a0     0x14  sx1272.o [1]
  .bss               zero     0x2000'a1b4     0x14  sx1272.o [1]
  .bss               zero     0x2000'a1c8     0x14  task_lora.o [1]
  .bss               zero     0x2000'a1dc     0x14  task_lora.o [1]
  .bss               zero     0x2000'a1f0     0x14  tasks.o [1]
  .bss               zero     0x2000'a204     0x14  tasks.o [1]
  .bss               zero     0x2000'a218     0x14  tasks.o [1]
  .bss               zero     0x2000'a22c     0x14  tasks.o [1]
  .bss               zero     0x2000'a240     0x14  tasks.o [1]
  .bss               zero     0x2000'a254     0x14  usart.o [1]
  .bss               zero     0x2000'a268     0x14  usart.o [1]
  .bss               zero     0x2000'a27c     0x14  utils_bkte.o [1]
  .bss               zero     0x2000'a290     0x10  main.o [1]
  .bss               zero     0x2000'a2a0     0x10  task_lora.o [1]
  .bss               zero     0x2000'a2b0     0x10  usart.o [1]
  .bss               zero     0x2000'a2c0     0x10  utils_sd.o [1]
  .bss               zero     0x2000'a2d0     0x10  utils_sd.o [1]
  .bss               zero     0x2000'a2e0      0xc  ff_gen_drv.o [1]
  .bss               zero     0x2000'a2ec      0xc  iwdg.o [1]
  .bss               zero     0x2000'a2f8      0xc  task_get_energy.o [1]
  .bss               zero     0x2000'a304      0xc  task_lora.o [1]
  .bss               zero     0x2000'a310      0x8  crc.o [1]
  .bss               zero     0x2000'a318      0x8  heap_4.o [1]
  .bss               zero     0x2000'a320      0x8  i2c.o [1]
  .bss               zero     0x2000'a328      0x8  spi.o [1]
  .bss               zero     0x2000'a330      0x8  spi.o [1]
  .bss               zero     0x2000'a338      0x8  task_lora.o [1]
  .bss               zero     0x2000'a340      0x8  task_lora.o [1]
  .bss               zero     0x2000'a348      0x8  heap0.o [2]
  .bss               zero     0x2000'a350      0x4  fatfs.o [1]
  .bss               zero     0x2000'a354      0x4  ff.o [1]
  .bss               zero     0x2000'a358      0x4  freertos.o [1]
  .bss               zero     0x2000'a35c      0x4  freertos.o [1]
  .bss               zero     0x2000'a360      0x4  freertos.o [1]
  .bss               zero     0x2000'a364      0x4  freertos.o [1]
  .bss               zero     0x2000'a368      0x4  freertos.o [1]
  .bss               zero     0x2000'a36c      0x4  freertos.o [1]
  .bss               zero     0x2000'a370      0x4  freertos.o [1]
  .bss               zero     0x2000'a374      0x4  freertos.o [1]
  .bss               zero     0x2000'a378      0x4  freertos.o [1]
  .bss               zero     0x2000'a37c      0x4  freertos.o [1]
  .bss               zero     0x2000'a380      0x4  freertos.o [1]
  .bss               zero     0x2000'a384      0x4  freertos.o [1]
  .bss               zero     0x2000'a388      0x4  gpio.o [1]
  .bss               zero     0x2000'a38c      0x4  heap_4.o [1]
  .bss               zero     0x2000'a390      0x4  heap_4.o [1]
  .bss               zero     0x2000'a394      0x4  heap_4.o [1]
  .bss               zero     0x2000'a398      0x4  heap_4.o [1]
  .bss               zero     0x2000'a39c      0x4  port.o [1]
  .bss               zero     0x2000'a3a0      0x4  sd_diskio.o [1]
  .bss               zero     0x2000'a3a4      0x4  stm32f4xx_hal.o [1]
  .bss               zero     0x2000'a3a8      0x4  sx1272.o [1]
  .bss               zero     0x2000'a3ac      0x4  tasks.o [1]
  .bss               zero     0x2000'a3b0      0x4  tasks.o [1]
  .bss               zero     0x2000'a3b4      0x4  tasks.o [1]
  .bss               zero     0x2000'a3b8      0x4  tasks.o [1]
  .bss               zero     0x2000'a3bc      0x4  tasks.o [1]
  .bss               zero     0x2000'a3c0      0x4  tasks.o [1]
  .bss               zero     0x2000'a3c4      0x4  tasks.o [1]
  .bss               zero     0x2000'a3c8      0x4  tasks.o [1]
  .bss               zero     0x2000'a3cc      0x4  tasks.o [1]
  .bss               zero     0x2000'a3d0      0x4  tasks.o [1]
  .bss               zero     0x2000'a3d4      0x4  tasks.o [1]
  .bss               zero     0x2000'a3d8      0x4  tasks.o [1]
  .bss               zero     0x2000'a3dc      0x4  tasks.o [1]
  .bss               zero     0x2000'a3e0      0x4  tasks.o [1]
  .bss               zero     0x2000'a3e4      0x4  tasks.o [1]
  .bss               zero     0x2000'a3e8      0x4  utils_bkte.o [1]
  .bss               zero     0x2000'a3ec      0x4  utils_bkte.o [1]
  .bss               zero     0x2000'a3f0      0x4  utils_json.o [1]
  .bss               zero     0x2000'a3f4      0x4  strtok.o [2]
  .bss               zero     0x2000'a3f8      0x4  xfail_s.o [2]
  .bss               zero     0x2000'a3fc      0x4  xgetmemchunk.o [2]
  .bss               zero     0x2000'a400      0x2  ff.o [1]
  .bss               zero     0x2000'a402      0x2  utils_bkte.o [1]
  .bss               zero     0x2000'a404      0x2  utils_json.o [1]
  .bss               zero     0x2000'a406      0x2  utils_json.o [1]
  .bss               zero     0x2000'a408      0x1  fatfs.o [1]
  .bss               zero     0x2000'a409      0x1  gpio.o [1]
  .bss               zero     0x2000'a40a      0x1  port.o [1]
  .bss               zero     0x2000'a40b      0x1  task_get_new_bin.o [1]
  .bss               zero     0x2000'a40c      0x1  task_lora.o [1]
  .bss               zero     0x2000'a40d      0x1  task_web_excahnge.o [1]
                            - 0x2000'a40e   0xa036

"P2", part 3 of 3:                           0x600
  CSTACK                      0x2000'a410    0x400  <Block>
    CSTACK           uninit   0x2000'a410    0x400  <Block tail>
  HEAP                        0x2000'a810    0x200  <Block>
    HEAP             uninit   0x2000'a810    0x200  <Block tail>
                            - 0x2000'aa10    0x600

Unused ranges:

         From           To      Size
         ----           --      ----
   0x802'2ca9   0x80f'ffff  0xd'd357
  0x2000'aa10  0x2001'ffff  0x1'55f0


*******************************************************************************
*** INIT TABLE
***

          Address      Size
          -------      ----
Zero (__iar_zero_init3)
    1 destination range, total size 0xa036:
          0x2000'03d8  0xa036

Copy/lz77 (__iar_lz77_init_single3)
    1 source range, total size 0x2b9 (70% of destination):
           0x802'29f0   0x2b9
    1 destination range, total size 0x3d8:
          0x2000'0000   0x3d8



*******************************************************************************
*** MODULE SUMMARY
***

    Module                        ro code  ro data  rw data
    ------                        -------  -------  -------
command line/config:
    -------------------------------------------------------
    Total:

C:\Users\annsi\workspace\motz\117_x\117_bkte\EWARM\bkte_2_0_iar1\Obj: [1]
    adc.o                             228                72
    bsp_driver_sd.o                   252
    circularBuffer.o                1 052
    cmsis_os.o                        888
    crc.o                              72                 8
    diskio.o                          240
    dma.o                             168
    ds2482.o                          328        2
    fatfs.o                            64             4 157
    fatfs_platform.o                   32
    ff.o                            6 552      144       38
    ff_gen_drv.o                       96                12
    freertos.o                        384      312      644
    gpio.o                            600                 5
    heap_4.o                          628        4   10 024
    i2c.o                             260                92
    iwdg.o                             40                12
    list.o                            154
    main.o                            666      200    2 169
    port.o                            604        6        9
    portasm.o                         176
    queue.o                         2 892                64
    rtc.o                              76                32
    sd_diskio.o                       544       37        5
    sdio.o                            456               324
    simcom.o                        2 484      285      301
    spi.o                             664               384
    spiflash.o                      1 120       46       48
    startup_stm32f407xx.o             656
    stm32f4xx_hal.o                   128        4        9
    stm32f4xx_hal_adc.o             1 332
    stm32f4xx_hal_cortex.o            312
    stm32f4xx_hal_crc.o                36
    stm32f4xx_hal_dma.o             1 200        8
    stm32f4xx_hal_flash.o             532                32
    stm32f4xx_hal_flash_ex.o          100
    stm32f4xx_hal_gpio.o              708
    stm32f4xx_hal_i2c.o             5 208
    stm32f4xx_hal_iwdg.o               94
    stm32f4xx_hal_msp.o                72
    stm32f4xx_hal_rcc.o             1 592
    stm32f4xx_hal_rcc_ex.o            352
    stm32f4xx_hal_rtc.o             1 090
    stm32f4xx_hal_sd.o              3 786
    stm32f4xx_hal_spi.o             3 612
    stm32f4xx_hal_tim.o               716
    stm32f4xx_hal_tim_ex.o            176
    stm32f4xx_hal_timebase_tim.o      152                64
    stm32f4xx_hal_uart.o            3 028
    stm32f4xx_it.o                    316
    stm32f4xx_ll_sdmmc.o            1 868
    sx1272.o                        1 476       28       44
    syscall.o                          98        8
    system_stm32f4xx.o                 32       27        4
    task_get_energy.o                 316       24      144
    task_get_new_bin.o                500        8      257
    task_get_temp.o                   304       24
    task_iwdg.o                        24
    task_keep_alive.o                 780       25       24
    task_lora.o                     1 660       17      197
    task_web_excahnge.o               880       56      257
    tasks.o                         3 504        8      300
    tim.o                             132        8       64
    usart.o                         1 496             3 280
    utils_bkte.o                    1 796       49       98
    utils_crc.o                        56      363      512
    utils_flash.o                     392      120    1 000
    utils_json.o                      404      184    4 208
    utils_sd.o                        356       29   12 376
    -------------------------------------------------------
    Total:                         62 992    2 026   41 270

dl7M_tlf.a: [2]
    XShHandles.o                      204               128
    abort.o                             6
    exit.o                              4
    fclose.o                          126
    fflush.o                          172
    fputc.o                            84
    fseek.o                            36
    gmtime.o                           10
    heap0.o                           320                 8
    heaptramp0.o                        4
    iar_Stoullx.o                     444
    iar_Stoulx.o                      380
    isspace.o                          20
    low_level_init.o                    4
    mktime.o                          208
    printf.o                           40
    putchar.o                          12
    sprintf.o                          64
    strcat.o                           30
    strcspn.o                          34
    strspn.o                           34
    strtok.o                           76                 4
    tolower.o                          20
    xDaysTo.o                         108
    xTzoff_nop.o                        4
    xcloseall.o                        60
    xencoding_8859_1.o                 30
    xfail_s.o                          64                 4
    xfgpos.o                           12
    xfiles.o                                   176      408
    xfofind.o                         140
    xfspos.o                          216
    xfwprep.o                         180
    xgetmemchunk.o                     44                 4
    xisdst_nop.o                        6
    xlocale_c.o                       164       97      128
    xmbcurmax.o                        10
    xprintffull.o                   3 962
    xprout.o                           22
    xsprout.o                          10
    xttotm.o                          260                44
    -------------------------------------------------------
    Total:                          7 624      273      728

m7M_tls.a: [3]
    DblAdd.o                          362
    DblCmpGe.o                         46
    DblCmpLe.o                         46
    DblDiv.o                          582
    DblMul.o                          418
    DblSub.o                          226
    DblToS32.o                         58
    DblToU32.o                         40
    S32ToDbl.o                         34
    U32ToDbl.o                         26
    fpinit_M.o                         34
    frexp.o                           112
    ldexp.o                           314
    -------------------------------------------------------
    Total:                          2 298

rt7M_tl.a: [4]
    ABImemclr4.o                        6
    ABImemcpy.o                       166
    ABImemset.o                       102
    ABImemset48.o                      50
    I64DivMod.o                       560
    I64DivZer.o                         2
    cexit.o                            14
    cmain.o                            30
    cstart_closeall.o
    cstartup_M.o                       12
    data_init.o                        40
    lz77_init_single.o                122
    memchr.o                           88
    strchr.o                           22
    strcmp.o                           74
    strlen.o                           54
    zero_init3.o                       58
    -------------------------------------------------------
    Total:                          1 400

shb_l.a: [5]
    close.o                            24
    dwrite.o                           30
    exit.o                             20
    iarwrite.o                         34
    iarwstdswo.o                       80
    lseek.o                            74
    remove.o                           20
    write.o                            16
    -------------------------------------------------------
    Total:                            298

    Gaps                               18        8
    Linker created                              32    1 536
-----------------------------------------------------------
    Grand Total:                   74 630    2 339   43 534


*******************************************************************************
*** ENTRY LIST
***

Entry                       Address    Size  Type      Object
-----                       -------    ----  ----      ------
.iar.init_table$$Base    0x802'23e4           --   Gb  - Linker created -
.iar.init_table$$Limit   0x802'2404           --   Gb  - Linker created -
?main                    0x802'2425          Code  Gb  cmain.o [4]
ADC_Init                 0x801'9137   0x15a  Code  Lc  stm32f4xx_hal_adc.o [1]
AHBPrescTable            0x802'26e0    0x10  Data  Gb  system_stm32f4xx.o [1]
APBPrescTable            0x802'288c     0x8  Data  Gb  system_stm32f4xx.o [1]
Aldata                  0x2000'a348     0x8  Data  Lc  heap0.o [2]
BSP_PlatformIsDetected   0x801'fbf1    0x20  Code  Gb  fatfs_platform.o [1]
BSP_SD_GetCardInfo       0x801'fbc1    0x14  Code  Wk  bsp_driver_sd.o [1]
BSP_SD_GetCardState      0x801'fb15    0x1c  Code  Wk  bsp_driver_sd.o [1]
BSP_SD_Init              0x801'fb31    0x40  Code  Wk  bsp_driver_sd.o [1]
BSP_SD_ReadBlocks_DMA    0x801'fb71    0x28  Code  Wk  bsp_driver_sd.o [1]
BSP_SD_ReadCpltCallback
                         0x801'faf9    0x10  Code  Gb  sd_diskio.o [1]
BSP_SD_WriteBlocks_DMA   0x801'fb99    0x28  Code  Wk  bsp_driver_sd.o [1]
BSP_SD_WriteCpltCallback
                         0x801'fae9    0x10  Code  Gb  sd_diskio.o [1]
BusFault_Handler         0x802'1827     0x2  Code  Gb  stm32f4xx_it.o [1]
CNT_MAX_PAGES_TX        0x2000'a40d     0x1  Data  Lc  task_web_excahnge.o [1]
CSTACK$$Base            0x2000'a410           --   Gb  - Linker created -
CSTACK$$Limit           0x2000'a810           --   Gb  - Linker created -
CacheMore                0x801'd895    0x24  Code  Lc  xlocale_c.o [2]
Crc16Table              0x2000'0054   0x200  Data  Lc  utils_crc.o [1]
DMA1_Stream3_IRQHandler
                         0x802'1841     0xa  Code  Gb  stm32f4xx_it.o [1]
DMA1_Stream4_IRQHandler
                         0x802'184b     0xa  Code  Gb  stm32f4xx_it.o [1]
DMA2_Stream1_IRQHandler
                         0x802'18af     0xa  Code  Gb  stm32f4xx_it.o [1]
DMA2_Stream2_IRQHandler
                         0x802'18b9     0xa  Code  Gb  stm32f4xx_it.o [1]
DMA2_Stream3_IRQHandler
                         0x802'18c3     0xa  Code  Gb  stm32f4xx_it.o [1]
DMA2_Stream6_IRQHandler
                         0x802'18cd     0xa  Code  Gb  stm32f4xx_it.o [1]
DMA2_Stream7_IRQHandler
                         0x802'18d7     0xa  Code  Gb  stm32f4xx_it.o [1]
DMA_CalcBaseAndBitshift
                         0x801'5e23    0x30  Code  Lc  stm32f4xx_hal_dma.o [1]
DMA_CalcBaseAndBitshift::flagBitshiftOffset
                         0x802'287c     0x8  Data  Lc  stm32f4xx_hal_dma.o [1]
DMA_CheckFifoParam       0x801'5e61    0x9c  Code  Lc  stm32f4xx_hal_dma.o [1]
DMA_SetConfig            0x801'5df5    0x2e  Code  Lc  stm32f4xx_hal_dma.o [1]
DebugMon_Handler         0x802'182b     0x2  Code  Gb  stm32f4xx_it.o [1]
EXTI1_IRQHandler         0x802'182d     0xa  Code  Gb  stm32f4xx_it.o [1]
EXTI4_IRQHandler         0x802'1837     0xa  Code  Gb  stm32f4xx_it.o [1]
Error_Handler            0x801'6199     0x2  Code  Gb  main.o [1]
ExCvt                    0x802'207c    0x80  Data  Lc  ff.o [1]
FATFS_LinkDriver         0x801'20ed    0x12  Code  Gb  ff_gen_drv.o [1]
FATFS_LinkDriverEx       0x801'20a5    0x48  Code  Gb  ff_gen_drv.o [1]
FLASH_Erase_Sector       0x802'1629    0x60  Code  Gb  stm32f4xx_hal_flash_ex.o [1]
FLASH_Program_Byte       0x802'1211    0x1a  Code  Lc  stm32f4xx_hal_flash.o [1]
FLASH_Program_DoubleWord
                         0x802'11ab    0x2a  Code  Lc  stm32f4xx_hal_flash.o [1]
FLASH_Program_HalfWord   0x802'11f3    0x1e  Code  Lc  stm32f4xx_hal_flash.o [1]
FLASH_Program_Word       0x802'11d5    0x1e  Code  Lc  stm32f4xx_hal_flash.o [1]
FLASH_SetErrorCode       0x802'122b    0x68  Code  Lc  stm32f4xx_hal_flash.o [1]
FLASH_WaitForLastOperation
                         0x802'115b    0x50  Code  Gb  stm32f4xx_hal_flash.o [1]
FatFs                   0x2000'a354     0x4  Data  Lc  ff.o [1]
Files                   0x2000'a0d0    0x20  Data  Lc  ff.o [1]
Fsid                    0x2000'a400     0x2  Data  Lc  ff.o [1]
HAL_ADC_ConfigChannel    0x801'8fbb   0x17c  Code  Gb  stm32f4xx_hal_adc.o [1]
HAL_ADC_GetValue         0x801'8fb5     0x6  Code  Gb  stm32f4xx_hal_adc.o [1]
HAL_ADC_Init             0x801'8d85    0x66  Code  Gb  stm32f4xx_hal_adc.o [1]
HAL_ADC_MspInit          0x801'6c1f    0x5e  Code  Gb  adc.o [1]
HAL_ADC_PollForConversion
                         0x801'8f0b    0xaa  Code  Gb  stm32f4xx_hal_adc.o [1]
HAL_ADC_Start            0x801'8deb   0x120  Code  Gb  stm32f4xx_hal_adc.o [1]
HAL_CRC_Init             0x801'a0cd    0x24  Code  Gb  stm32f4xx_hal_crc.o [1]
HAL_CRC_MspInit          0x801'710b    0x26  Code  Gb  crc.o [1]
HAL_DMA_Abort_IT         0x801'5bbb    0x28  Code  Gb  stm32f4xx_hal_dma.o [1]
HAL_DMA_GetError         0x801'5df1     0x4  Code  Gb  stm32f4xx_hal_dma.o [1]
HAL_DMA_GetState         0x801'5deb     0x6  Code  Gb  stm32f4xx_hal_dma.o [1]
HAL_DMA_IRQHandler       0x801'5be3   0x208  Code  Gb  stm32f4xx_hal_dma.o [1]
HAL_DMA_Init             0x801'5a4d    0xe2  Code  Gb  stm32f4xx_hal_dma.o [1]
HAL_DMA_Start_IT         0x801'5b2f    0x8c  Code  Gb  stm32f4xx_hal_dma.o [1]
HAL_Delay                0x801'b275    0x28  Code  Wk  stm32f4xx_hal.o [1]
HAL_FLASH_Lock           0x802'114d     0xe  Code  Gb  stm32f4xx_hal_flash.o [1]
HAL_FLASH_Program        0x802'1099    0x92  Code  Gb  stm32f4xx_hal_flash.o [1]
HAL_FLASH_Unlock         0x802'112b    0x22  Code  Gb  stm32f4xx_hal_flash.o [1]
HAL_GPIO_EXTI_Callback   0x801'6a85    0x52  Code  Gb  gpio.o [1]
HAL_GPIO_EXTI_IRQHandler
                         0x801'6411    0x20  Code  Gb  stm32f4xx_hal_gpio.o [1]
HAL_GPIO_Init            0x801'61ad   0x212  Code  Gb  stm32f4xx_hal_gpio.o [1]
HAL_GPIO_ReadPin         0x801'63bf    0x16  Code  Gb  stm32f4xx_hal_gpio.o [1]
HAL_GPIO_TogglePin       0x801'63ef    0x22  Code  Gb  stm32f4xx_hal_gpio.o [1]
HAL_GPIO_WritePin        0x801'63d5    0x1a  Code  Gb  stm32f4xx_hal_gpio.o [1]
HAL_GetTick              0x801'65a9     0xc  Code  Wk  stm32f4xx_hal.o [1]
HAL_I2C_ER_IRQHandler    0x801'4813    0xec  Code  Gb  stm32f4xx_hal_i2c.o [1]
HAL_I2C_EV_IRQHandler    0x801'4655   0x1be  Code  Gb  stm32f4xx_hal_i2c.o [1]
HAL_I2C_Init             0x801'4299   0x1d2  Code  Gb  stm32f4xx_hal_i2c.o [1]
HAL_I2C_MasterRxCpltCallback
                         0x801'57b5    0x14  Code  Gb  i2c.o [1]
HAL_I2C_MasterTxCpltCallback
                         0x801'57a1    0x14  Code  Gb  i2c.o [1]
HAL_I2C_Master_Receive_IT
                         0x801'4549    0xea  Code  Gb  stm32f4xx_hal_i2c.o [1]
HAL_I2C_Master_Transmit_IT
                         0x801'446b    0xde  Code  Gb  stm32f4xx_hal_i2c.o [1]
HAL_I2C_MspInit          0x801'571b    0x86  Code  Gb  i2c.o [1]
HAL_IWDG_Init            0x801'b16b    0x50  Code  Gb  stm32f4xx_hal_iwdg.o [1]
HAL_IWDG_Refresh         0x801'b1bb     0xe  Code  Gb  stm32f4xx_hal_iwdg.o [1]
HAL_IncTick              0x801'8a29    0x18  Code  Wk  stm32f4xx_hal.o [1]
HAL_Init                 0x801'687d    0x30  Code  Gb  stm32f4xx_hal.o [1]
HAL_InitTick             0x801'65b5    0x88  Code  Gb  stm32f4xx_hal_timebase_tim.o [1]
HAL_MspInit              0x801'8d3d    0x48  Code  Gb  stm32f4xx_hal_msp.o [1]
HAL_NVIC_EnableIRQ       0x801'6579     0xe  Code  Gb  stm32f4xx_hal_cortex.o [1]
HAL_NVIC_SetPriority     0x801'654f    0x2a  Code  Gb  stm32f4xx_hal_cortex.o [1]
HAL_NVIC_SetPriorityGrouping
                         0x801'6543     0xc  Code  Gb  stm32f4xx_hal_cortex.o [1]
HAL_NVIC_SystemReset     0x801'6587     0x8  Code  Gb  stm32f4xx_hal_cortex.o [1]
HAL_RCCEx_PeriphCLKConfig
                         0x801'8851   0x13a  Code  Gb  stm32f4xx_hal_rcc_ex.o [1]
HAL_RCC_ClockConfig      0x801'57e5   0x140  Code  Gb  stm32f4xx_hal_rcc.o [1]
HAL_RCC_GetClockConfig   0x801'5957    0x34  Code  Gb  stm32f4xx_hal_rcc.o [1]
HAL_RCC_GetHCLKFreq      0x801'5925     0x6  Code  Gb  stm32f4xx_hal_rcc.o [1]
HAL_RCC_GetPCLK1Freq     0x801'592b    0x16  Code  Gb  stm32f4xx_hal_rcc.o [1]
HAL_RCC_GetPCLK2Freq     0x801'5941    0x16  Code  Gb  stm32f4xx_hal_rcc.o [1]
HAL_RCC_OscConfig        0x801'8475   0x3dc  Code  Wk  stm32f4xx_hal_rcc.o [1]
HAL_RTC_GetDate          0x801'b069    0x54  Code  Gb  stm32f4xx_hal_rtc.o [1]
HAL_RTC_GetTime          0x801'af05    0x68  Code  Gb  stm32f4xx_hal_rtc.o [1]
HAL_RTC_Init             0x801'ad29    0xcc  Code  Gb  stm32f4xx_hal_rtc.o [1]
HAL_RTC_MspInit          0x801'7743    0x10  Code  Gb  rtc.o [1]
HAL_RTC_SetDate          0x801'af6d    0xfc  Code  Gb  stm32f4xx_hal_rtc.o [1]
HAL_RTC_SetTime          0x801'adf5   0x110  Code  Gb  stm32f4xx_hal_rtc.o [1]
HAL_RTC_WaitForSynchro   0x801'b0c9    0x36  Code  Gb  stm32f4xx_hal_rtc.o [1]
HAL_SD_AbortCallback     0x801'f8d3     0xa  Code  Gb  bsp_driver_sd.o [1]
HAL_SD_ConfigWideBusOperation
                         0x801'ea5b    0xae  Code  Gb  stm32f4xx_hal_sd.o [1]
HAL_SD_GetCardCSD        0x801'e841   0x1f4  Code  Gb  stm32f4xx_hal_sd.o [1]
HAL_SD_GetCardInfo       0x801'ea35    0x26  Code  Gb  stm32f4xx_hal_sd.o [1]
HAL_SD_GetCardState      0x801'eb09    0x24  Code  Gb  stm32f4xx_hal_sd.o [1]
HAL_SD_IRQHandler        0x801'e66d   0x1d4  Code  Gb  stm32f4xx_hal_sd.o [1]
HAL_SD_Init              0x801'e2bd    0x44  Code  Gb  stm32f4xx_hal_sd.o [1]
HAL_SD_InitCard          0x801'e301    0x90  Code  Gb  stm32f4xx_hal_sd.o [1]
HAL_SD_MspInit           0x801'6cb5   0x180  Code  Gb  sdio.o [1]
HAL_SD_ReadBlocks_DMA    0x801'e391   0x168  Code  Gb  stm32f4xx_hal_sd.o [1]
HAL_SD_RxCpltCallback    0x801'f8e7     0xa  Code  Gb  bsp_driver_sd.o [1]
HAL_SD_TxCpltCallback    0x801'f8dd     0xa  Code  Gb  bsp_driver_sd.o [1]
HAL_SD_WriteBlocks_DMA   0x801'e4f9   0x16c  Code  Gb  stm32f4xx_hal_sd.o [1]
HAL_SPI_IRQHandler       0x801'9905   0x128  Code  Gb  stm32f4xx_hal_spi.o [1]
HAL_SPI_Init             0x801'92b9    0x8e  Code  Gb  stm32f4xx_hal_spi.o [1]
HAL_SPI_MspInit          0x801'6ee9   0x156  Code  Gb  spi.o [1]
HAL_SPI_Receive_DMA      0x801'9685   0x112  Code  Gb  stm32f4xx_hal_spi.o [1]
HAL_SPI_Receive_IT       0x801'93f5    0xd4  Code  Gb  stm32f4xx_hal_spi.o [1]
HAL_SPI_RxCpltCallback   0x801'703f    0x28  Code  Gb  spi.o [1]
HAL_SPI_TransmitReceive_DMA
                         0x801'9797   0x16e  Code  Gb  stm32f4xx_hal_spi.o [1]
HAL_SPI_TransmitReceive_IT
                         0x801'94c9    0xca  Code  Gb  stm32f4xx_hal_spi.o [1]
HAL_SPI_Transmit_DMA     0x801'9593    0xf2  Code  Gb  stm32f4xx_hal_spi.o [1]
HAL_SPI_Transmit_IT      0x801'9347    0xae  Code  Gb  stm32f4xx_hal_spi.o [1]
HAL_SPI_TxCpltCallback   0x801'708f    0x28  Code  Gb  spi.o [1]
HAL_SPI_TxRxCpltCallback
                         0x801'7067    0x28  Code  Gb  spi.o [1]
HAL_TIMEx_BreakCallback
                         0x801'd5a9     0x2  Code  Wk  stm32f4xx_hal_tim_ex.o [1]
HAL_TIMEx_CommutCallback
                         0x801'd5ad     0x2  Code  Wk  stm32f4xx_hal_tim_ex.o [1]
HAL_TIMEx_MasterConfigSynchronization
                         0x801'b1c9    0x8e  Code  Gb  stm32f4xx_hal_tim_ex.o [1]
HAL_TIM_Base_Init        0x801'8a75    0x38  Code  Gb  stm32f4xx_hal_tim.o [1]
HAL_TIM_Base_MspInit     0x801'77d5    0x26  Code  Gb  tim.o [1]
HAL_TIM_Base_Start_IT    0x801'8aad    0x2a  Code  Gb  stm32f4xx_hal_tim.o [1]
HAL_TIM_IRQHandler       0x801'8ad7   0x176  Code  Gb  stm32f4xx_hal_tim.o [1]
HAL_TIM_PeriodElapsedCallback
                         0x801'6147    0x12  Code  Gb  main.o [1]
HAL_UART_ErrorCallback   0x801'7577    0x32  Code  Gb  usart.o [1]
HAL_UART_GetError        0x801'a45d     0x4  Code  Gb  stm32f4xx_hal_uart.o [1]
HAL_UART_IRQHandler      0x801'a30d   0x150  Code  Gb  stm32f4xx_hal_uart.o [1]
HAL_UART_Init            0x801'a0f1    0x76  Code  Gb  stm32f4xx_hal_uart.o [1]
HAL_UART_MspInit         0x801'721f   0x294  Code  Gb  usart.o [1]
HAL_UART_Receive_DMA     0x801'a257    0xb6  Code  Gb  stm32f4xx_hal_uart.o [1]
HAL_UART_RxCpltCallback
                         0x801'7505    0x3c  Code  Gb  usart.o [1]
HAL_UART_Transmit_DMA    0x801'a1c1    0x96  Code  Gb  stm32f4xx_hal_uart.o [1]
HAL_UART_Transmit_IT     0x801'a167    0x5a  Code  Gb  stm32f4xx_hal_uart.o [1]
HAL_UART_TxCpltCallback
                         0x801'7541    0x36  Code  Gb  usart.o [1]
HEAP$$Base              0x2000'a810           --   Gb  - Linker created -
HEAP$$Limit             0x2000'aa10           --   Gb  - Linker created -
HardFault_Handler        0x802'1823     0x2  Code  Gb  stm32f4xx_it.o [1]
I2C1_ER_IRQHandler       0x802'1869     0xa  Code  Gb  stm32f4xx_it.o [1]
I2C1_EV_IRQHandler       0x802'185f     0xa  Code  Gb  stm32f4xx_it.o [1]
I2C_ConvertOtherXferOptions
                         0x801'56c5    0x1c  Code  Lc  stm32f4xx_hal_i2c.o [1]
I2C_DMAAbort             0x801'5581    0xf6  Code  Lc  stm32f4xx_hal_i2c.o [1]
I2C_ITError              0x801'53e7   0x196  Code  Lc  stm32f4xx_hal_i2c.o [1]
I2C_MasterReceive_BTF    0x801'4c25   0x128  Code  Lc  stm32f4xx_hal_i2c.o [1]
I2C_MasterReceive_RXNE   0x801'4b41    0xe4  Code  Lc  stm32f4xx_hal_i2c.o [1]
I2C_MasterTransmit_BTF   0x801'49e7    0x8e  Code  Lc  stm32f4xx_hal_i2c.o [1]
I2C_MasterTransmit_TXE   0x801'48ff    0xe8  Code  Lc  stm32f4xx_hal_i2c.o [1]
I2C_Master_ADD10         0x801'4dff    0x32  Code  Lc  stm32f4xx_hal_i2c.o [1]
I2C_Master_ADDR          0x801'4e31   0x246  Code  Lc  stm32f4xx_hal_i2c.o [1]
I2C_Master_SB            0x801'4d4d    0xb2  Code  Lc  stm32f4xx_hal_i2c.o [1]
I2C_MemoryTransmit_TXE_BTF
                         0x801'4a75    0xcc  Code  Lc  stm32f4xx_hal_i2c.o [1]
I2C_SlaveReceive_BTF     0x801'5131    0x1c  Code  Lc  stm32f4xx_hal_i2c.o [1]
I2C_SlaveReceive_RXNE    0x801'50e3    0x4e  Code  Lc  stm32f4xx_hal_i2c.o [1]
I2C_SlaveTransmit_BTF    0x801'50c7    0x1c  Code  Lc  stm32f4xx_hal_i2c.o [1]
I2C_SlaveTransmit_TXE    0x801'5079    0x4e  Code  Lc  stm32f4xx_hal_i2c.o [1]
I2C_Slave_ADDR           0x801'514d    0x5c  Code  Lc  stm32f4xx_hal_i2c.o [1]
I2C_Slave_AF             0x801'5343    0xa4  Code  Lc  stm32f4xx_hal_i2c.o [1]
I2C_Slave_STOPF          0x801'51a9   0x19a  Code  Lc  stm32f4xx_hal_i2c.o [1]
I2C_WaitOnSTOPRequestThroughIT
                         0x801'5677    0x46  Code  Lc  stm32f4xx_hal_i2c.o [1]
LoadInt                  0x801'c7eb    0x7a  Code  Lc  xprintffull.o [2]
MX_ADC1_Init             0x801'6bb1    0x6e  Code  Gb  adc.o [1]
MX_CRC_Init              0x801'70f5    0x16  Code  Gb  crc.o [1]
MX_DMA_Init              0x801'6b09    0xa8  Code  Gb  dma.o [1]
MX_FATFS_Init            0x801'1ced    0x10  Code  Gb  fatfs.o [1]
MX_FREERTOS_Init         0x801'3fb3   0x108  Code  Gb  freertos.o [1]
MX_GPIO_Init             0x801'68b1   0x1d4  Code  Gb  gpio.o [1]
MX_I2C1_Init             0x801'56e1    0x3a  Code  Gb  i2c.o [1]
MX_IWDG_Init             0x801'7761    0x28  Code  Gb  iwdg.o [1]
MX_RTC_Init              0x801'7715    0x2e  Code  Gb  rtc.o [1]
MX_SDIO_SD_Init          0x801'6c95    0x20  Code  Gb  sdio.o [1]
MX_SPI1_Init             0x801'6e5d    0x46  Code  Gb  spi.o [1]
MX_SPI2_Init             0x801'6ea3    0x46  Code  Gb  spi.o [1]
MX_TIM6_Init             0x801'7789    0x4c  Code  Gb  tim.o [1]
MX_USART1_UART_Init      0x801'713d    0x3a  Code  Gb  usart.o [1]
MX_USART2_UART_Init      0x801'7177    0x38  Code  Gb  usart.o [1]
MX_USART3_UART_Init      0x801'71af    0x38  Code  Gb  usart.o [1]
MX_USART6_UART_Init      0x801'71e7    0x38  Code  Gb  usart.o [1]
MemManage_Handler        0x802'1825     0x2  Code  Gb  stm32f4xx_it.o [1]
NMI_Handler              0x802'1821     0x2  Code  Gb  stm32f4xx_it.o [1]
NVIC_EncodePriority      0x801'64e9    0x40  Code  Lc  stm32f4xx_hal_cortex.o [1]
PendSV_Handler           0x801'41e9          Code  Gb  portasm.o [1]
RTC_Bcd2ToByte           0x801'b151    0x1a  Code  Gb  stm32f4xx_hal_rtc.o [1]
RTC_ByteToBcd2           0x801'b139    0x18  Code  Gb  stm32f4xx_hal_rtc.o [1]
RTC_EnterInitMode        0x801'b0ff    0x3a  Code  Gb  stm32f4xx_hal_rtc.o [1]
Region$$Table$$Base      0x802'23e4           --   Gb  - Linker created -
Region$$Table$$Limit     0x802'2404           --   Gb  - Linker created -
SDFatFS                 0x2000'2ae8  0x1038  Data  Gb  fatfs.o [1]
SDIO_ConfigData          0x801'f21d    0x2e  Code  Gb  stm32f4xx_ll_sdmmc.o [1]
SDIO_GetCommandResponse
                         0x801'f20b     0x6  Code  Gb  stm32f4xx_ll_sdmmc.o [1]
SDIO_GetPowerState       0x801'f1d9     0x8  Code  Gb  stm32f4xx_ll_sdmmc.o [1]
SDIO_GetResponse         0x801'f211     0xc  Code  Gb  stm32f4xx_ll_sdmmc.o [1]
SDIO_IRQHandler          0x802'18a5     0xa  Code  Gb  stm32f4xx_it.o [1]
SDIO_Init                0x801'f185    0x30  Code  Gb  stm32f4xx_ll_sdmmc.o [1]
SDIO_PowerState_ON       0x801'f1c7    0x12  Code  Gb  stm32f4xx_ll_sdmmc.o [1]
SDIO_ReadFIFO            0x801'f1b5     0x6  Code  Gb  stm32f4xx_ll_sdmmc.o [1]
SDIO_SendCommand         0x801'f1e1    0x2a  Code  Gb  stm32f4xx_ll_sdmmc.o [1]
SDIO_WriteFIFO           0x801'f1bb     0xc  Code  Gb  stm32f4xx_ll_sdmmc.o [1]
SDMMC_CmdAppCommand      0x801'f417    0x34  Code  Gb  stm32f4xx_ll_sdmmc.o [1]
SDMMC_CmdAppOperCommand
                         0x801'f44b    0x34  Code  Gb  stm32f4xx_ll_sdmmc.o [1]
SDMMC_CmdBlockLength     0x801'f24b    0x34  Code  Gb  stm32f4xx_ll_sdmmc.o [1]
SDMMC_CmdBusWidth        0x801'f47f    0x34  Code  Gb  stm32f4xx_ll_sdmmc.o [1]
SDMMC_CmdGoIdleState     0x801'f3b9    0x2e  Code  Gb  stm32f4xx_ll_sdmmc.o [1]
SDMMC_CmdOperCond        0x801'f3e7    0x30  Code  Gb  stm32f4xx_ll_sdmmc.o [1]
SDMMC_CmdReadMultiBlock
                         0x801'f2b3    0x34  Code  Gb  stm32f4xx_ll_sdmmc.o [1]
SDMMC_CmdReadSingleBlock
                         0x801'f27f    0x34  Code  Gb  stm32f4xx_ll_sdmmc.o [1]
SDMMC_CmdSelDesel        0x801'f383    0x36  Code  Gb  stm32f4xx_ll_sdmmc.o [1]
SDMMC_CmdSendCID         0x801'f4e7    0x2e  Code  Gb  stm32f4xx_ll_sdmmc.o [1]
SDMMC_CmdSendCSD         0x801'f515    0x2e  Code  Gb  stm32f4xx_ll_sdmmc.o [1]
SDMMC_CmdSendSCR         0x801'f4b3    0x34  Code  Gb  stm32f4xx_ll_sdmmc.o [1]
SDMMC_CmdSendStatus      0x801'f577    0x34  Code  Gb  stm32f4xx_ll_sdmmc.o [1]
SDMMC_CmdSetRelAdd       0x801'f543    0x34  Code  Gb  stm32f4xx_ll_sdmmc.o [1]
SDMMC_CmdStopTransfer    0x801'f34f    0x34  Code  Gb  stm32f4xx_ll_sdmmc.o [1]
SDMMC_CmdWriteMultiBlock
                         0x801'f31b    0x34  Code  Gb  stm32f4xx_ll_sdmmc.o [1]
SDMMC_CmdWriteSingleBlock
                         0x801'f2e7    0x34  Code  Gb  stm32f4xx_ll_sdmmc.o [1]
SDMMC_GetCmdError        0x801'f5ab    0x34  Code  Lc  stm32f4xx_ll_sdmmc.o [1]
SDMMC_GetCmdResp1        0x801'f5df   0x13a  Code  Lc  stm32f4xx_ll_sdmmc.o [1]
SDMMC_GetCmdResp2        0x801'f719    0x56  Code  Lc  stm32f4xx_ll_sdmmc.o [1]
SDMMC_GetCmdResp3        0x801'f76f    0x48  Code  Lc  stm32f4xx_ll_sdmmc.o [1]
SDMMC_GetCmdResp6        0x801'f7b7    0xa6  Code  Lc  stm32f4xx_ll_sdmmc.o [1]
SDMMC_GetCmdResp7        0x801'f85d    0x5c  Code  Lc  stm32f4xx_ll_sdmmc.o [1]
SDPath                  0x2000'a350     0x4  Data  Gb  fatfs.o [1]
SDQueueID               0x2000'a3a0     0x4  Data  Lc  sd_diskio.o [1]
SD_CheckStatus           0x801'f91b    0x1e  Code  Lc  sd_diskio.o [1]
SD_CheckStatusWithTimeout
                         0x801'f8f5    0x26  Code  Lc  sd_diskio.o [1]
SD_DMAError              0x801'eb89    0x88  Code  Lc  stm32f4xx_hal_sd.o [1]
SD_DMAReceiveCplt        0x801'eb3d    0x4a  Code  Lc  stm32f4xx_hal_sd.o [1]
SD_DMARxAbort            0x801'ec61    0x4a  Code  Lc  stm32f4xx_hal_sd.o [1]
SD_DMATransmitCplt       0x801'eb2d    0x10  Code  Lc  stm32f4xx_hal_sd.o [1]
SD_DMATxAbort            0x801'ec15    0x4a  Code  Lc  stm32f4xx_hal_sd.o [1]
SD_Driver                0x802'266c    0x14  Data  Gb  sd_diskio.o [1]
SD_FindSCR               0x801'ef97   0x13e  Code  Lc  stm32f4xx_hal_sd.o [1]
SD_InitCard              0x801'ecab   0x10a  Code  Lc  stm32f4xx_hal_sd.o [1]
SD_PowerON               0x801'edb5    0xcc  Code  Lc  stm32f4xx_hal_sd.o [1]
SD_Read_IT               0x801'f0d5    0x58  Code  Lc  stm32f4xx_hal_sd.o [1]
SD_SendStatus            0x801'ee95    0x32  Code  Lc  stm32f4xx_hal_sd.o [1]
SD_WideBus_Disable       0x801'ef2f    0x68  Code  Lc  stm32f4xx_hal_sd.o [1]
SD_WideBus_Enable        0x801'eec7    0x68  Code  Lc  stm32f4xx_hal_sd.o [1]
SD_Write_IT              0x801'f12d    0x58  Code  Lc  stm32f4xx_hal_sd.o [1]
SD_initialize            0x801'f939    0x5a  Code  Gb  sd_diskio.o [1]
SD_ioctl                 0x801'fa85    0x64  Code  Gb  sd_diskio.o [1]
SD_read                  0x801'f9a1    0x74  Code  Gb  sd_diskio.o [1]
SD_status                0x801'f993     0xe  Code  Gb  sd_diskio.o [1]
SD_write                 0x801'fa15    0x70  Code  Gb  sd_diskio.o [1]
SPI1_IRQHandler          0x802'1873     0xa  Code  Gb  stm32f4xx_it.o [1]
SPI2_IRQHandler          0x802'187d     0xa  Code  Gb  stm32f4xx_it.o [1]
SPI_2linesRxISR_16BIT    0x801'9c7d    0x38  Code  Lc  stm32f4xx_hal_spi.o [1]
SPI_2linesRxISR_8BIT     0x801'9c0d    0x38  Code  Lc  stm32f4xx_hal_spi.o [1]
SPI_2linesTxISR_16BIT    0x801'9cb5    0x38  Code  Lc  stm32f4xx_hal_spi.o [1]
SPI_2linesTxISR_8BIT     0x801'9c45    0x38  Code  Lc  stm32f4xx_hal_spi.o [1]
SPI_CloseRxTx_ISR        0x801'9f1d    0xb2  Code  Lc  stm32f4xx_hal_spi.o [1]
SPI_CloseRx_ISR          0x801'9fcf    0x5e  Code  Lc  stm32f4xx_hal_spi.o [1]
SPI_CloseTx_ISR          0x801'a02d    0x96  Code  Lc  stm32f4xx_hal_spi.o [1]
SPI_DMAAbortOnError      0x801'9be5    0x16  Code  Lc  stm32f4xx_hal_spi.o [1]
SPI_DMAError             0x801'9bbd    0x28  Code  Lc  stm32f4xx_hal_spi.o [1]
SPI_DMAHalfReceiveCplt   0x801'9b9d     0xe  Code  Lc  stm32f4xx_hal_spi.o [1]
SPI_DMAHalfTransmitCplt
                         0x801'9b8d     0xe  Code  Lc  stm32f4xx_hal_spi.o [1]
SPI_DMAHalfTransmitReceiveCplt
                         0x801'9bad     0xe  Code  Lc  stm32f4xx_hal_spi.o [1]
SPI_DMAReceiveCplt       0x801'9aa9    0x7a  Code  Lc  stm32f4xx_hal_spi.o [1]
SPI_DMATransmitCplt      0x801'9a2d    0x7a  Code  Lc  stm32f4xx_hal_spi.o [1]
SPI_DMATransmitReceiveCplt
                         0x801'9b25    0x66  Code  Lc  stm32f4xx_hal_spi.o [1]
SPI_EndRxTransaction     0x801'9e25    0x9a  Code  Lc  stm32f4xx_hal_spi.o [1]
SPI_EndRxTxTransaction   0x801'9ebf    0x5e  Code  Lc  stm32f4xx_hal_spi.o [1]
SPI_RxISR_16BIT          0x801'9d13    0x26  Code  Lc  stm32f4xx_hal_spi.o [1]
SPI_RxISR_8BIT           0x801'9ced    0x26  Code  Lc  stm32f4xx_hal_spi.o [1]
SPI_TxISR_16BIT          0x801'9d5f    0x26  Code  Lc  stm32f4xx_hal_spi.o [1]
SPI_TxISR_8BIT           0x801'9d39    0x26  Code  Lc  stm32f4xx_hal_spi.o [1]
SPI_WaitFlagStateUntilTimeout
                         0x801'9d85    0xa0  Code  Lc  stm32f4xx_hal_spi.o [1]
SVC_Handler              0x801'4241          Code  Gb  portasm.o [1]
SZ_PCKGENERGY           0x2000'03d4     0x1  Data  Gb  main.o [1]
Stat                    0x2000'03d5     0x1  Data  Lc  sd_diskio.o [1]
SysTick_Handler          0x801'3ec9    0x28  Code  Gb  port.o [1]
SystemClock_Config       0x801'5f7f    0xcc  Code  Gb  main.o [1]
SystemCoreClock         0x2000'0008     0x4  Data  Gb  system_stm32f4xx.o [1]
SystemInit               0x802'2405    0x12  Code  Gb  system_stm32f4xx.o [1]
TIM1_UP_TIM10_IRQHandler
                         0x802'1855     0xa  Code  Gb  stm32f4xx_it.o [1]
TIM_Base_SetConfig       0x801'8c4d    0xc0  Code  Gb  stm32f4xx_hal_tim.o [1]
UART_DMAAbortOnError     0x801'a58d    0x16  Code  Lc  stm32f4xx_hal_uart.o [1]
UART_DMAError            0x801'a4fd    0x58  Code  Lc  stm32f4xx_hal_uart.o [1]
UART_DMAReceiveCplt      0x801'a4a9    0x44  Code  Lc  stm32f4xx_hal_uart.o [1]
UART_DMARxHalfCplt       0x801'a4ed     0xe  Code  Lc  stm32f4xx_hal_uart.o [1]
UART_DMATransmitCplt     0x801'a465    0x34  Code  Lc  stm32f4xx_hal_uart.o [1]
UART_DMATxHalfCplt       0x801'a499     0xe  Code  Lc  stm32f4xx_hal_uart.o [1]
UART_EndRxTransfer       0x801'a569    0x20  Code  Lc  stm32f4xx_hal_uart.o [1]
UART_EndTransmit_IT      0x801'a613    0x20  Code  Lc  stm32f4xx_hal_uart.o [1]
UART_EndTxTransfer       0x801'a555    0x14  Code  Lc  stm32f4xx_hal_uart.o [1]
UART_Receive_IT          0x801'a633    0xae  Code  Lc  stm32f4xx_hal_uart.o [1]
UART_SetConfig           0x801'a6e1   0x5d4  Code  Lc  stm32f4xx_hal_uart.o [1]
UART_Transmit_IT         0x801'a5a5    0x6e  Code  Lc  stm32f4xx_hal_uart.o [1]
USART1_IRQHandler        0x802'1887     0xa  Code  Gb  stm32f4xx_it.o [1]
USART2_IRQHandler        0x802'1891     0xa  Code  Gb  stm32f4xx_it.o [1]
USART3_IRQHandler        0x802'189b     0xa  Code  Gb  stm32f4xx_it.o [1]
USART6_IRQHandler        0x802'18e1    0x38  Code  Gb  stm32f4xx_it.o [1]
UsageFault_Handler       0x802'1829     0x2  Code  Gb  stm32f4xx_it.o [1]
_Close_all               0x802'2241    0x3c  Code  Gb  xcloseall.o [2]
_Encoding_8859_1_Mbrlen
                         0x801'41dd     0x2  Code  Gb  xencoding_8859_1.o [2]
_Encoding_8859_1_Wctomb
                         0x801'41cb    0x12  Code  Gb  xencoding_8859_1.o [2]
_Files                  0x2000'03b4    0x20  Data  Gb  xfiles.o [2]
_Fofree                  0x802'1fed    0x86  Code  Gb  xfofind.o [2]
_Fspos                   0x802'1bc9    0xd8  Code  Gb  xfspos.o [2]
_Fwprep                  0x802'1f13    0xb4  Code  Gb  xfwprep.o [2]
_GenldFull               0x801'd27d   0x274  Code  Lc  xprintffull.o [2]
[...]
offAllLeds               0x801'82ff    0x4e  Code  Gb  utils_bkte.o [1]
oneWirePins             0x2000'004c     0x8  Data  Gb  utils_bkte.o [1]
oneWirePorts            0x2000'003c    0x10  Data  Gb  utils_bkte.o [1]
osDelay                  0x801'1de7    0x1c  Code  Gb  cmsis_os.o [1]
osKernelRunning          0x801'1d5f    0x12  Code  Gb  cmsis_os.o [1]
osKernelStart            0x801'1d55     0xa  Code  Gb  cmsis_os.o [1]
osKernelSysTick          0x801'1d71    0x16  Code  Gb  cmsis_os.o [1]
osMessageCreate          0x801'1f59    0x30  Code  Gb  cmsis_os.o [1]
osMessageGet             0x801'1fed    0xb2  Code  Gb  cmsis_os.o [1]
osMessagePut             0x801'1f89    0x64  Code  Gb  cmsis_os.o [1]
osMutexCreate            0x801'1e03    0x1c  Code  Gb  cmsis_os.o [1]
osSemaphoreCreate        0x801'1e1f    0x4e  Code  Gb  cmsis_os.o [1]
osSemaphoreDelete        0x801'1f3f    0x1a  Code  Gb  cmsis_os.o [1]
osSemaphoreRelease       0x801'1eeb    0x54  Code  Gb  cmsis_os.o [1]
osSemaphoreWait          0x801'1e6d    0x7e  Code  Gb  cmsis_os.o [1]
osThreadCreate           0x801'1d87    0x60  Code  Gb  cmsis_os.o [1]
pFlash                  0x2000'a130    0x20  Data  Gb  stm32f4xx_hal_flash.o [1]
parceAnswMaster          0x801'fe05    0x88  Code  Gb  task_lora.o [1]
pcInterruptPriorityRegisters
                         0x802'28e8     0x4  Data  Lc  port.o [1]
pckgJsonEn              0x2000'4b50  0x1004  Data  Gb  utils_json.o [1]
pckgUpdFirmwareToJson    0x802'0cfb    0x64  Code  Gb  utils_json.o [1]
pckgUpdFirmwareToJson::cnt
                        0x2000'a406     0x2  Data  Lc  utils_json.o [1]
printf                   0x802'168d    0x28  Code  Gb  printf.o [2]
prvAddCurrentTaskToDelayedList
                         0x801'2df5    0x82  Code  Lc  tasks.o [1]
prvAddNewTaskToReadyList
                         0x801'22ef    0x9a  Code  Lc  tasks.o [1]
prvCheckTasksWaitingTermination
                         0x801'2a79    0x3e  Code  Lc  tasks.o [1]
prvCopyDataFromQueue     0x801'38f7    0x36  Code  Lc  queue.o [1]
prvCopyDataToQueue       0x801'385b    0x9c  Code  Lc  queue.o [1]
prvDeleteTCB             0x801'2abd    0x44  Code  Lc  tasks.o [1]
prvGetDisinheritPriorityAfterTimeout
                         0x801'3845    0x16  Code  Lc  queue.o [1]
prvHeapInit              0x801'3b95    0x62  Code  Lc  heap_4.o [1]
prvIdleTask              0x801'29fd    0x24  Code  Lc  tasks.o [1]
prvInitialiseMutex       0x801'3099    0x22  Code  Lc  queue.o [1]
prvInitialiseNewQueue    0x801'3067    0x32  Code  Lc  queue.o [1]
prvInitialiseNewTask     0x801'221d    0xd2  Code  Lc  tasks.o [1]
prvInitialiseTaskLists   0x801'2a21    0x52  Code  Lc  tasks.o [1]
prvInsertBlockIntoFreeList
                         0x801'3bf7    0x5e  Code  Lc  heap_4.o [1]
prvIsQueueEmpty          0x801'399b    0x1c  Code  Lc  queue.o [1]
prvIsQueueFull           0x801'39b7    0x1e  Code  Lc  queue.o [1]
prvResetNextTaskUnblockTime
                         0x801'2b01    0x2a  Code  Lc  tasks.o [1]
prvTaskExitError         0x801'3d71    0x2a  Code  Lc  port.o [1]
prvTaskIsTaskSuspended   0x801'24af    0x3e  Code  Lc  tasks.o [1]
prvUnlockQueue           0x801'392d    0x6e  Code  Lc  queue.o [1]
put_fat                  0x801'068b   0x166  Code  Lc  ff.o [1]
putchar                  0x802'2661     0xc  Code  Gb  putchar.o [2]
pvPortMalloc             0x801'3a01   0x120  Code  Gb  heap_4.o [1]
pvTaskIncrementMutexHeldCount
                         0x801'2db3    0x16  Code  Gb  tasks.o [1]
pwrOffBkte               0x802'0e5d    0xc6  Code  Gb  task_keep_alive.o [1]
pxCurrentTCB            0x2000'a3ac     0x4  Data  Gb  tasks.o [1]
pxDelayedTaskList       0x2000'a3b0     0x4  Data  Lc  tasks.o [1]
pxEnd                   0x2000'a38c     0x4  Data  Lc  heap_4.o [1]
pxOverflowDelayedTaskList
                        0x2000'a3b4     0x4  Data  Lc  tasks.o [1]
pxPortInitialiseStack    0x801'3d49    0x28  Code  Gb  port.o [1]
pxReadyTasksLists       0x2000'9500    0x8c  Data  Lc  tasks.o [1]
remove                   0x802'2193    0x14  Code  Gb  remove.o [5]
remove_chain             0x801'07f1    0xb0  Code  Lc  ff.o [1]
resetTempLine            0x801'82df    0x20  Code  Gb  utils_bkte.o [1]
retSD                   0x2000'a408     0x1  Data  Gb  fatfs.o [1]
rxBufUart1              0x2000'9694    0x84  Data  Gb  usart.o [1]
rxUart1CircBuf          0x2000'a170    0x18  Data  Gb  main.o [1]
rxUart1_IT               0x801'75a9    0x28  Code  Gb  usart.o [1]
sFileInfo               0x2000'9718    0x80  Data  Lc  XShHandles.o [2]
saveCsq                  0x802'0b67    0x38  Code  Gb  task_web_excahnge.o [1]
scalbln                  0x801'dbe1          Code  Gb  ldexp.o [3]
scalblnl                 0x801'dbe1          Code  Gb  ldexp.o [3]
scalbn                   0x801'dbe1          Code  Gb  ldexp.o [3]
scalbnl                  0x801'dbe1          Code  Gb  ldexp.o [3]
scale                    0x801'ce0b    0x46  Code  Lc  xprintffull.o [2]
sdInit                   0x801'bc51    0x46  Code  Gb  utils_sd.o [1]
sdSectorLogError        0x2000'a2c0    0x10  Data  Gb  utils_sd.o [1]
sdSectorLogs            0x2000'a2d0    0x10  Data  Gb  utils_sd.o [1]
sdUpdLog                 0x801'bd21    0x1a  Code  Gb  utils_sd.o [1]
sdWriteLog               0x801'bc97    0x8a  Code  Gb  utils_sd.o [1]
sdWriteSector            0x801'bd3b    0x2c  Code  Gb  utils_sd.o [1]
sec_hand                0x2000'a3f8     0x4  Data  Lc  xfail_s.o [2]
semLoraRxPckgHandle     0x2000'a384     0x4  Data  Gb  freertos.o [1]
sendDataToServer         0x802'0a5d   0x10a  Code  Gb  task_web_excahnge.o [1]
serializeLoraAlgTrans    0x801'fe97    0xd2  Code  Gb  task_lora.o [1]
setDateTime              0x801'806d    0x62  Code  Gb  utils_bkte.o [1]
setTM                    0x801'80cf    0x2e  Code  Gb  utils_bkte.o [1]
setTM::curTime          0x2000'a078    0x2c  Data  Lc  utils_bkte.o [1]
setTempLine              0x801'82bf    0x20  Code  Gb  utils_bkte.o [1]
simBufCommand           0x2000'9798    0x64  Data  Lc  simcom.o [1]
simBufError             0x2000'97fc    0x64  Data  Lc  simcom.o [1]
simCheckCSQ              0x801'ba05    0x32  Code  Gb  simcom.o [1]
simExecCommand           0x801'b6f5    0x3a  Code  Gb  simcom.o [1]
simGetDateTime           0x801'b4d7    0x3a  Code  Gb  simcom.o [1]
simGetStatusAnsw         0x801'b36f    0x34  Code  Gb  simcom.o [1]
simGetSzSoft             0x801'ba37    0x40  Code  Gb  simcom.o [1]
simHardwareReset         0x801'baef    0x1c  Code  Gb  simcom.o [1]
simHttpInit              0x801'b511    0x54  Code  Gb  simcom.o [1]
simInit                  0x801'b29d    0xd2  Code  Gb  simcom.o [1]
simOff                   0x801'bad9    0x16  Code  Gb  simcom.o [1]
simOn                    0x801'ba81    0x54  Code  Gb  simcom.o [1]
simReset                 0x801'bb15    0x90  Code  Gb  simcom.o [1]
simTxATCommand           0x801'b3e1    0x1a  Code  Gb  simcom.o [1]
simWriteCommand          0x801'b3a3    0x3e  Code  Gb  simcom.o [1]
spiFlash64              0x2000'a048    0x30  Data  Gb  spiflash.o [1]
spiFlashES               0x801'c33b    0x7c  Code  Gb  spiflash.o [1]
spiFlashInit             0x801'c1c9    0xb6  Code  Gb  spiflash.o [1]
spiFlashRdPg             0x801'c54f    0xae  Code  Gb  spiflash.o [1]
spiFlashReadID           0x801'c27f    0x42  Code  Gb  spiflash.o [1]
spiFlashRxData           0x801'c313    0x28  Code  Gb  spiflash.o [1]
spiFlashTxData           0x801'c2eb    0x28  Code  Gb  spiflash.o [1]
spiFlashTxRxCmd          0x801'c2c1    0x2a  Code  Gb  spiflash.o [1]
spiFlashWaitReady        0x801'c3b7    0x42  Code  Gb  spiflash.o [1]
spiFlashWrEn             0x801'c3f9    0x32  Code  Gb  spiflash.o [1]
spiFlashWrPg             0x801'c42b   0x124  Code  Gb  spiflash.o [1]
spiLoraInfo             0x2000'a330     0x8  Data  Gb  spi.o [1]
spiMemInfo              0x2000'a328     0x8  Data  Gb  spi.o [1]
spiRx                    0x802'0323    0x72  Code  Gb  sx1272.o [1]
spiTx                    0x802'028d    0x4a  Code  Gb  sx1272.o [1]
spiTxRx                  0x802'02d7    0x4c  Code  Gb  sx1272.o [1]
sprintf                  0x801'89e9    0x40  Code  Gb  sprintf.o [2]
st_clust                 0x801'0c6d    0x2a  Code  Lc  ff.o [1]
st_dword                 0x801'01bd    0x18  Code  Lc  ff.o [1]
st_word                  0x801'01af     0xe  Code  Lc  ff.o [1]
strcat                   0x801'd653    0x1e  Code  Gb  strcat.o [2]
strchr                   0x801'd909          Code  Gb  strchr.o [4]
strcmp                   0x801'd609          Code  Gb  strcmp.o [4]
strcspn                  0x801'e10d    0x22  Code  Gb  strcspn.o [2]
strlen                   0x801'89b1          Code  Gb  strlen.o [4]
strrev                   0x802'0039    0x4e  Code  Lc  task_lora.o [1]
strspn                   0x801'e0eb    0x22  Code  Gb  strspn.o [2]
strtok                   0x801'd5bd    0x4c  Code  Gb  strtok.o [2]
strtoul                  0x801'c171     0x2  Code  Gb  iar_Stoulx.o [2]
strtoull                 0x801'bf19     0x2  Code  Gb  iar_Stoullx.o [2]
sx1272                  0x2000'a3a8     0x4  Data  Lc  sx1272.o [1]
sx1272_clear_irq_flags   0x802'05a3    0x14  Code  Gb  sx1272.o [1]
sx1272_get_irq_flags     0x802'07b1    0x18  Code  Gb  sx1272.o [1]
sx1272_get_op_mode       0x802'07c9    0x18  Code  Gb  sx1272.o [1]
sx1272_get_rx_current_ptr
                         0x802'0799    0x18  Code  Gb  sx1272.o [1]
sx1272_lora_init         0x802'0395    0x4a  Code  Gb  sx1272.o [1]
sx1272_read_fifo         0x802'07e1    0x18  Code  Gb  sx1272.o [1]
sx1272_receive           0x802'068f   0x10a  Code  Gb  sx1272.o [1]
sx1272_receive::rxBuf   0x2000'a1b4    0x14  Data  Lc  sx1272.o [1]
sx1272_send              0x802'0611    0x7e  Code  Gb  sx1272.o [1]
sx1272_set_detect_opt    0x802'0555    0x1a  Code  Gb  sx1272.o [1]
sx1272_set_dio_mapping   0x802'0589    0x1a  Code  Gb  sx1272.o [1]
sx1272_set_fifo_addr_ptr
                         0x802'04a3    0x1c  Code  Gb  sx1272.o [1]
sx1272_set_freq          0x802'03fb    0x40  Code  Gb  sx1272.o [1]
sx1272_set_lna           0x802'0487    0x1c  Code  Gb  sx1272.o [1]
sx1272_set_max_payload   0x802'053d    0x18  Code  Gb  sx1272.o [1]
sx1272_set_modem_config
                         0x802'04f7    0x2a  Code  Gb  sx1272.o [1]
sx1272_set_ocp           0x802'046f    0x18  Code  Gb  sx1272.o [1]
sx1272_set_op_mode       0x802'03df    0x1c  Code  Gb  sx1272.o [1]
sx1272_set_pa_config     0x802'043b    0x18  Code  Gb  sx1272.o [1]
sx1272_set_pa_ramp       0x802'0453    0x1c  Code  Gb  sx1272.o [1]
sx1272_set_payload_length
                         0x802'0521    0x1c  Code  Gb  sx1272.o [1]
sx1272_set_rx_base       0x802'04db    0x1c  Code  Gb  sx1272.o [1]
sx1272_set_sync_word     0x802'056f    0x1a  Code  Gb  sx1272.o [1]
sx1272_set_tx_base       0x802'04bf    0x1c  Code  Gb  sx1272.o [1]
sx1272_write_fifo        0x802'05bd    0x54  Code  Gb  sx1272.o [1]
sync_fs                  0x801'04c5    0x94  Code  Lc  ff.o [1]
sync_window              0x801'0429    0x5a  Code  Lc  ff.o [1]
taskGetEnergy            0x802'195d   0x13c  Code  Gb  task_get_energy.o [1]
taskGetNewBin            0x802'12c7   0x190  Code  Gb  task_get_new_bin.o [1]
taskGetTemp              0x802'1a99   0x130  Code  Gb  task_get_temp.o [1]
taskKeepAlive            0x802'0da7    0x6c  Code  Gb  task_keep_alive.o [1]
taskLora                 0x801'fc11   0x110  Code  Gb  task_lora.o [1]
taskManageIWDG           0x802'2631    0x18  Code  Gb  task_iwdg.o [1]
taskWebExchange          0x802'0889   0x1d4  Code  Gb  task_web_excahnge.o [1]
testBufUart1            0x2000'9610    0x84  Data  Lc  task_get_energy.o [1]
timestamp               0x2000'a3f0     0x4  Data  Lc  utils_json.o [1]
tmpBufPage              0x2000'9300   0x100  Data  Lc  task_get_new_bin.o [1]
tmpBufPage              0x2000'9400   0x100  Data  Lc  task_web_excahnge.o [1]
tmpDate                 0x2000'a3e8     0x4  Data  Lc  utils_bkte.o [1]
tmpJsonGnss             0x2000'98c4    0x64  Data  Gb  utils_json.o [1]
tmpPckg                 0x2000'0024    0x18  Data  Lc  task_lora.o [1]
tmpSimBuf               0x2000'9860    0x64  Data  Lc  simcom.o [1]
tmpTime                 0x2000'a27c    0x14  Data  Lc  utils_bkte.o [1]
tolower                  0x801'd685    0x14  Code  Gb  tolower.o [2]
uInfoLCD                0x2000'a268    0x14  Data  Gb  usart.o [1]
uInfoSim                0x2000'a254    0x14  Data  Gb  usart.o [1]
uart1Buf                0x2000'8930   0x3e8  Data  Gb  main.o [1]
uartClearInfo            0x801'75d1    0x1a  Code  Gb  usart.o [1]
uartInitInfo             0x801'74b3    0x42  Code  Gb  usart.o [1]
uartRxDma                0x801'74f5    0x10  Code  Gb  usart.o [1]
uartTx                   0x801'75eb    0x8a  Code  Gb  usart.o [1]
uartTxLCD                0x801'7675    0x28  Code  Gb  usart.o [1]
ucHeap                  0x2000'03d8  0x2710  Data  Lc  heap_4.o [1]
ucMaxSysCallPriority    0x2000'a40a     0x1  Data  Lc  port.o [1]
ulMaxPRIGROUPValue      0x2000'a39c     0x4  Data  Lc  port.o [1]
unlock_fs                0x801'0251    0x2a  Code  Lc  ff.o [1]
updAnsw                  0x801'fe8d     0xa  Code  Gb  task_lora.o [1]
updRTC                   0x802'0f23    0xae  Code  Gb  task_keep_alive.o [1]
updSpiFlash              0x801'8389    0x90  Code  Gb  utils_bkte.o [1]
updStat                  0x802'00bd   0x174  Code  Gb  task_lora.o [1]
updStat::cnt            0x2000'a40c     0x1  Data  Lc  task_lora.o [1]
urls                    0x2000'a290    0x10  Data  Gb  main.o [1]
urlsInit                 0x801'611b    0x2c  Code  Gb  main.o [1]
usartLCDBufTx           0x2000'a2b0    0x10  Data  Lc  usart.o [1]
usartSimBufRx           0x2000'7b54   0x5f4  Data  Lc  usart.o [1]
usartSimBufTx           0x2000'8148   0x400  Data  Lc  usart.o [1]
uwTick                  0x2000'a3a4     0x4  Data  Gb  stm32f4xx_hal.o [1]
uwTickFreq              0x2000'03d7     0x1  Data  Gb  stm32f4xx_hal.o [1]
uwTickPrio              0x2000'0004     0x4  Data  Gb  stm32f4xx_hal.o [1]
uxCriticalNesting       0x2000'0000     0x4  Data  Lc  port.o [1]
uxCurrentNumberOfTasks  0x2000'a3bc     0x4  Data  Lc  tasks.o [1]
uxDeletedTasksWaitingCleanUp
                        0x2000'a3b8     0x4  Data  Lc  tasks.o [1]
uxListRemove             0x801'3ce7    0x28  Code  Gb  list.o [1]
uxPendedTicks           0x2000'a3cc     0x4  Data  Lc  tasks.o [1]
uxSchedulerSuspended    0x2000'a3e4     0x4  Data  Lc  tasks.o [1]
uxTaskNumber            0x2000'a3d8     0x4  Data  Lc  tasks.o [1]
uxTopReadyPriority      0x2000'a3c4     0x4  Data  Lc  tasks.o [1]
vApplicationGetIdleTaskMemory
                         0x801'3fa5     0xe  Code  Gb  freertos.o [1]
vListInitialise          0x801'3c75    0x1e  Code  Gb  list.o [1]
vListInitialiseItem      0x801'3c93     0x6  Code  Gb  list.o [1]
vListInsert              0x801'3cb1    0x36  Code  Gb  list.o [1]
vListInsertEnd           0x801'3c99    0x18  Code  Gb  list.o [1]
vPortEnableVFP           0x801'427d          Code  Gb  portasm.o [1]
vPortEnterCritical       0x801'3e69    0x34  Code  Gb  port.o [1]
vPortExitCritical        0x801'3e9d    0x2c  Code  Gb  port.o [1]
vPortFree                0x801'3b21    0x74  Code  Gb  heap_4.o [1]
vPortStartFirstTask      0x801'425d          Code  Gb  portasm.o [1]
vPortValidateInterruptPriority
                         0x801'3ef1    0x4e  Code  Gb  port.o [1]
vQueueDelete             0x801'3815    0x30  Code  Gb  queue.o [1]
vQueueUnregisterQueue    0x801'39d5    0x28  Code  Gb  queue.o [1]
vTaskDelay               0x801'2389    0x4e  Code  Gb  tasks.o [1]
vTaskInternalSetTimeOutState
                         0x801'2935    0x12  Code  Gb  tasks.o [1]
vTaskMissedYield         0x801'29f1     0xa  Code  Gb  tasks.o [1]
vTaskPlaceOnEventList    0x801'2885    0x34  Code  Gb  tasks.o [1]
vTaskPriorityDisinheritAfterTimeout
                         0x801'2cc5    0xee  Code  Gb  tasks.o [1]
vTaskResume              0x801'24ed    0x82  Code  Gb  tasks.o [1]
vTaskStartScheduler      0x801'256f    0x90  Code  Gb  tasks.o [1]
vTaskSuspend             0x801'23d7    0xd8  Code  Gb  tasks.o [1]
vTaskSuspendAll          0x801'25ff     0xc  Code  Gb  tasks.o [1]
vTaskSwitchContext       0x801'2817    0x6e  Code  Gb  tasks.o [1]
validate                 0x801'136b    0x64  Code  Lc  ff.o [1]
waitIdle                 0x801'60d3    0x48  Code  Gb  main.o [1]
waitRx                   0x801'608b    0x48  Code  Gb  main.o [1]
waitTx                   0x801'604b    0x40  Code  Gb  main.o [1]
webExchangeHandle       0x2000'a364     0x4  Data  Gb  freertos.o [1]
xBlockAllocatedBit      0x2000'a398     0x4  Data  Lc  heap_4.o [1]
xDelayedTaskList1       0x2000'a1f0    0x14  Data  Lc  tasks.o [1]
xDelayedTaskList2       0x2000'a204    0x14  Data  Lc  tasks.o [1]
xFreeBytesRemaining     0x2000'a390     0x4  Data  Lc  heap_4.o [1]
xHeapStructSize          0x802'28e4     0x4  Data  Lc  heap_4.o [1]
xHigherPriorityTaskWoken
                        0x2000'a388     0x4  Data  Lc  gpio.o [1]
xIdleStack              0x2000'9100   0x200  Data  Lc  freertos.o [1]
xIdleTaskHandle         0x2000'a3e0     0x4  Data  Lc  tasks.o [1]
xIdleTaskTCBBuffer      0x2000'9c78    0x54  Data  Lc  freertos.o [1]
xMinimumEverFreeBytesRemaining
                        0x2000'a394     0x4  Data  Lc  heap_4.o [1]
xNextTaskUnblockTime    0x2000'a3dc     0x4  Data  Lc  tasks.o [1]
xNumOfOverflows         0x2000'a3d4     0x4  Data  Lc  tasks.o [1]
xPendingReadyList       0x2000'a218    0x14  Data  Lc  tasks.o [1]
xPortStartScheduler      0x801'3d9b    0xce  Code  Gb  port.o [1]
xQueueCreateMutex        0x801'30bb    0x20  Code  Gb  queue.o [1]
xQueueCreateMutexStatic
                         0x801'30db    0x2e  Code  Gb  queue.o [1]
xQueueGenericCreate      0x801'300b    0x5c  Code  Gb  queue.o [1]
xQueueGenericCreateStatic
                         0x801'2f49    0xc2  Code  Gb  queue.o [1]
xQueueGenericReset       0x801'2eb5    0x94  Code  Gb  queue.o [1]
xQueueGenericSend        0x801'3109   0x1a6  Code  Gb  queue.o [1]
xQueueGenericSendFromISR
                         0x801'32af    0xe0  Code  Gb  queue.o [1]
xQueueGiveFromISR        0x801'338f    0xc4  Code  Gb  queue.o [1]
xQueueReceive            0x801'3453   0x16a  Code  Gb  queue.o [1]
xQueueReceiveFromISR     0x801'3765    0xb0  Code  Gb  queue.o [1]
xQueueRegistry          0x2000'9e50    0x40  Data  Gb  queue.o [1]
xQueueSemaphoreTake      0x801'35bd   0x1a2  Code  Gb  queue.o [1]
xSchedulerRunning       0x2000'a3c8     0x4  Data  Lc  tasks.o [1]
xStart                  0x2000'a318     0x8  Data  Lc  heap_4.o [1]
xSuspendedTaskList      0x2000'a240    0x14  Data  Lc  tasks.o [1]
xTaskCheckForTimeOut     0x801'295d    0x8e  Code  Gb  tasks.o [1]
xTaskCreate              0x801'21a3    0x7a  Code  Gb  tasks.o [1]
xTaskCreateStatic        0x801'2105    0x9e  Code  Gb  tasks.o [1]
xTaskGetSchedulerState   0x801'2b2b    0x20  Code  Gb  tasks.o [1]
xTaskGetTickCount        0x801'26f3     0x8  Code  Gb  tasks.o [1]
xTaskGetTickCountFromISR
                         0x801'26fb    0x10  Code  Gb  tasks.o [1]
xTaskIncrementTick       0x801'270b   0x10c  Code  Gb  tasks.o [1]
xTaskPriorityDisinherit
                         0x801'2c0b    0xb2  Code  Gb  tasks.o [1]
xTaskPriorityInherit     0x801'2b51    0xba  Code  Gb  tasks.o [1]
xTaskRemoveFromEventList
                         0x801'28b9    0x7c  Code  Gb  tasks.o [1]
xTaskResumeAll           0x801'260b    0xe8  Code  Gb  tasks.o [1]
xTasksWaitingTermination
                        0x2000'a22c    0x14  Data  Lc  tasks.o [1]
xTickCount              0x2000'a3c0     0x4  Data  Lc  tasks.o [1]
xYieldPending           0x2000'a3d0     0x4  Data  Lc  tasks.o [1]


[1] = C:\Users\annsi\workspace\motz\117_x\117_bkte\EWARM\bkte_2_0_iar1\Obj
[2] = dl7M_tlf.a
[3] = m7M_tls.a
[4] = rt7M_tl.a
[5] = shb_l.a

  74 630 bytes of readonly  code memory
   2 339 bytes of readonly  data memory
  43 534 bytes of readwrite data memory

Errors: none
Warnings: none
